Archive member included to satisfy reference by file (symbol)

c:/ac6/systemworkbench/plugins/fr.ac6.mcu.externaltools.arm-none.win32_1.17.0.201812190825/tools/compiler/bin/../lib/gcc/arm-none-eabi/7.3.1/thumb/v7e-m/fpv4-sp/hard\libgcc.a(_arm_addsubdf3.o)
                              src/tm_stm32f4_fatfs.o (__aeabi_ui2d)
c:/ac6/systemworkbench/plugins/fr.ac6.mcu.externaltools.arm-none.win32_1.17.0.201812190825/tools/compiler/bin/../lib/gcc/arm-none-eabi/7.3.1/thumb/v7e-m/fpv4-sp/hard\libgcc.a(_arm_muldivdf3.o)
                              src/tm_stm32f4_fatfs.o (__aeabi_dmul)
c:/ac6/systemworkbench/plugins/fr.ac6.mcu.externaltools.arm-none.win32_1.17.0.201812190825/tools/compiler/bin/../lib/gcc/arm-none-eabi/7.3.1/thumb/v7e-m/fpv4-sp/hard\libgcc.a(_arm_cmpdf2.o)
                              src/tm_stm32f4_timer_properties.o (__aeabi_dcmpeq)
c:/ac6/systemworkbench/plugins/fr.ac6.mcu.externaltools.arm-none.win32_1.17.0.201812190825/tools/compiler/bin/../lib/gcc/arm-none-eabi/7.3.1/thumb/v7e-m/fpv4-sp/hard\libgcc.a(_arm_fixunsdfsi.o)
                              src/tm_stm32f4_fatfs.o (__aeabi_d2uiz)
c:/ac6/systemworkbench/plugins/fr.ac6.mcu.externaltools.arm-none.win32_1.17.0.201812190825/tools/compiler/bin/../lib/gcc/arm-none-eabi/7.3.1/../../../../arm-none-eabi/lib/thumb/v7e-m/fpv4-sp/hard\libc.a(lib_a-atoi.o)
                              src/MENU.o (atoi)
c:/ac6/systemworkbench/plugins/fr.ac6.mcu.externaltools.arm-none.win32_1.17.0.201812190825/tools/compiler/bin/../lib/gcc/arm-none-eabi/7.3.1/../../../../arm-none-eabi/lib/thumb/v7e-m/fpv4-sp/hard\libc.a(lib_a-errno.o)
                              src/syscalls.o (__errno)
c:/ac6/systemworkbench/plugins/fr.ac6.mcu.externaltools.arm-none.win32_1.17.0.201812190825/tools/compiler/bin/../lib/gcc/arm-none-eabi/7.3.1/../../../../arm-none-eabi/lib/thumb/v7e-m/fpv4-sp/hard\libc.a(lib_a-exit.o)
                              c:/ac6/systemworkbench/plugins/fr.ac6.mcu.externaltools.arm-none.win32_1.17.0.201812190825/tools/compiler/bin/../lib/gcc/arm-none-eabi/7.3.1/../../../../arm-none-eabi/lib/thumb/v7e-m/fpv4-sp/hard/crt0.o (exit)
c:/ac6/systemworkbench/plugins/fr.ac6.mcu.externaltools.arm-none.win32_1.17.0.201812190825/tools/compiler/bin/../lib/gcc/arm-none-eabi/7.3.1/../../../../arm-none-eabi/lib/thumb/v7e-m/fpv4-sp/hard\libc.a(lib_a-impure.o)
                              c:/ac6/systemworkbench/plugins/fr.ac6.mcu.externaltools.arm-none.win32_1.17.0.201812190825/tools/compiler/bin/../lib/gcc/arm-none-eabi/7.3.1/../../../../arm-none-eabi/lib/thumb/v7e-m/fpv4-sp/hard\libc.a(lib_a-exit.o) (_global_impure_ptr)
c:/ac6/systemworkbench/plugins/fr.ac6.mcu.externaltools.arm-none.win32_1.17.0.201812190825/tools/compiler/bin/../lib/gcc/arm-none-eabi/7.3.1/../../../../arm-none-eabi/lib/thumb/v7e-m/fpv4-sp/hard\libc.a(lib_a-init.o)
                              c:/ac6/systemworkbench/plugins/fr.ac6.mcu.externaltools.arm-none.win32_1.17.0.201812190825/tools/compiler/bin/../lib/gcc/arm-none-eabi/7.3.1/../../../../arm-none-eabi/lib/thumb/v7e-m/fpv4-sp/hard/crt0.o (__libc_init_array)
c:/ac6/systemworkbench/plugins/fr.ac6.mcu.externaltools.arm-none.win32_1.17.0.201812190825/tools/compiler/bin/../lib/gcc/arm-none-eabi/7.3.1/../../../../arm-none-eabi/lib/thumb/v7e-m/fpv4-sp/hard\libc.a(lib_a-locale.o)
                              src/MENU.o (__locale_ctype_ptr)
c:/ac6/systemworkbench/plugins/fr.ac6.mcu.externaltools.arm-none.win32_1.17.0.201812190825/tools/compiler/bin/../lib/gcc/arm-none-eabi/7.3.1/../../../../arm-none-eabi/lib/thumb/v7e-m/fpv4-sp/hard\libc.a(lib_a-malloc.o)
                              src/tm_stm32f4_delay.o (malloc)
c:/ac6/systemworkbench/plugins/fr.ac6.mcu.externaltools.arm-none.win32_1.17.0.201812190825/tools/compiler/bin/../lib/gcc/arm-none-eabi/7.3.1/../../../../arm-none-eabi/lib/thumb/v7e-m/fpv4-sp/hard\libc.a(lib_a-mallocr.o)
                              c:/ac6/systemworkbench/plugins/fr.ac6.mcu.externaltools.arm-none.win32_1.17.0.201812190825/tools/compiler/bin/../lib/gcc/arm-none-eabi/7.3.1/../../../../arm-none-eabi/lib/thumb/v7e-m/fpv4-sp/hard\libc.a(lib_a-malloc.o) (_malloc_r)
c:/ac6/systemworkbench/plugins/fr.ac6.mcu.externaltools.arm-none.win32_1.17.0.201812190825/tools/compiler/bin/../lib/gcc/arm-none-eabi/7.3.1/../../../../arm-none-eabi/lib/thumb/v7e-m/fpv4-sp/hard\libc.a(lib_a-mbtowc_r.o)
                              c:/ac6/systemworkbench/plugins/fr.ac6.mcu.externaltools.arm-none.win32_1.17.0.201812190825/tools/compiler/bin/../lib/gcc/arm-none-eabi/7.3.1/../../../../arm-none-eabi/lib/thumb/v7e-m/fpv4-sp/hard\libc.a(lib_a-locale.o) (__ascii_mbtowc)
c:/ac6/systemworkbench/plugins/fr.ac6.mcu.externaltools.arm-none.win32_1.17.0.201812190825/tools/compiler/bin/../lib/gcc/arm-none-eabi/7.3.1/../../../../arm-none-eabi/lib/thumb/v7e-m/fpv4-sp/hard\libc.a(lib_a-memset.o)
[...]
Memory Configuration

Name             Origin             Length             Attributes
RAM              0x20000000         0x00030000         xrw
ROM              0x08000000         0x00200000         xr
*default*        0x00000000         0xffffffff

Linker script and memory map

LOAD c:/ac6/systemworkbench/plugins/fr.ac6.mcu.externaltools.arm-none.win32_1.17.0.201812190825/tools/compiler/bin/../lib/gcc/arm-none-eabi/7.3.1/thumb/v7e-m/fpv4-sp/hard/crti.o
LOAD c:/ac6/systemworkbench/plugins/fr.ac6.mcu.externaltools.arm-none.win32_1.17.0.201812190825/tools/compiler/bin/../lib/gcc/arm-none-eabi/7.3.1/thumb/v7e-m/fpv4-sp/hard/crtbegin.o
LOAD c:/ac6/systemworkbench/plugins/fr.ac6.mcu.externaltools.arm-none.win32_1.17.0.201812190825/tools/compiler/bin/../lib/gcc/arm-none-eabi/7.3.1/../../../../arm-none-eabi/lib/thumb/v7e-m/fpv4-sp/hard/crt0.o
LOAD StdPeriph_Driver/src/misc.o
LOAD StdPeriph_Driver/src/stm32f4xx_adc.o
LOAD StdPeriph_Driver/src/stm32f4xx_can.o
LOAD StdPeriph_Driver/src/stm32f4xx_cec.o
LOAD StdPeriph_Driver/src/stm32f4xx_crc.o
LOAD StdPeriph_Driver/src/stm32f4xx_cryp.o
LOAD StdPeriph_Driver/src/stm32f4xx_cryp_aes.o
LOAD StdPeriph_Driver/src/stm32f4xx_cryp_des.o
LOAD StdPeriph_Driver/src/stm32f4xx_cryp_tdes.o
LOAD StdPeriph_Driver/src/stm32f4xx_dac.o
LOAD StdPeriph_Driver/src/stm32f4xx_dbgmcu.o
LOAD StdPeriph_Driver/src/stm32f4xx_dcmi.o
LOAD StdPeriph_Driver/src/stm32f4xx_dfsdm.o
LOAD StdPeriph_Driver/src/stm32f4xx_dma.o
LOAD StdPeriph_Driver/src/stm32f4xx_dma2d.o
LOAD StdPeriph_Driver/src/stm32f4xx_dsi.o
LOAD StdPeriph_Driver/src/stm32f4xx_exti.o
LOAD StdPeriph_Driver/src/stm32f4xx_flash.o
LOAD StdPeriph_Driver/src/stm32f4xx_flash_ramfunc.o
LOAD StdPeriph_Driver/src/stm32f4xx_fmc.o
LOAD StdPeriph_Driver/src/stm32f4xx_fmip2c.o
LOAD StdPeriph_Driver/src/stm32f4xx_fsmc.o
LOAD StdPeriph_Driver/src/stm32f4xx_gpio.o
LOAD StdPeriph_Driver/src/stm32f4xx_hash.o
LOAD StdPeriph_Driver/src/stm32f4xx_hash_md5.o
LOAD StdPeriph_Driver/src/stm32f4xx_hash_sha1.o
LOAD StdPeriph_Driver/src/stm32f4xx_i2c.o
LOAD StdPeriph_Driver/src/stm32f4xx_iwdg.o
LOAD StdPeriph_Driver/src/stm32f4xx_lptim.o
LOAD StdPeriph_Driver/src/stm32f4xx_ltdc.o
LOAD StdPeriph_Driver/src/stm32f4xx_pwr.o
LOAD StdPeriph_Driver/src/stm32f4xx_qspi.o
LOAD StdPeriph_Driver/src/stm32f4xx_rcc.o
LOAD StdPeriph_Driver/src/stm32f4xx_rng.o
LOAD StdPeriph_Driver/src/stm32f4xx_rtc.o
LOAD StdPeriph_Driver/src/stm32f4xx_sai.o
LOAD StdPeriph_Driver/src/stm32f4xx_sdio.o
LOAD StdPeriph_Driver/src/stm32f4xx_spdifrx.o
LOAD StdPeriph_Driver/src/stm32f4xx_spi.o
LOAD StdPeriph_Driver/src/stm32f4xx_syscfg.o
LOAD StdPeriph_Driver/src/stm32f4xx_tim.o
LOAD StdPeriph_Driver/src/stm32f4xx_usart.o
LOAD StdPeriph_Driver/src/stm32f4xx_wwdg.o
LOAD src/CE_SD_card_control.o
LOAD src/GLOBAL.o
LOAD src/MENU.o
LOAD src/diskio.o
LOAD src/fatfs_sd.o
LOAD src/ff.o
LOAD src/ffunicode.o
LOAD src/main_v1.o
LOAD src/stm32_ub_lcd_2x16.o
LOAD src/stm32f4xx_it.o
LOAD src/syscalls.o
LOAD src/system_stm32f4xx.o
LOAD src/teclado.o
LOAD src/tm_stm32f4_delay.o
LOAD src/tm_stm32f4_fatfs.o
LOAD src/tm_stm32f4_gpio.o
LOAD src/tm_stm32f4_mfrc522.o
LOAD src/tm_stm32f4_spi.o
LOAD src/tm_stm32f4_timer_properties.o
LOAD startup/startup_stm32.o
LOAD c:/ac6/systemworkbench/plugins/fr.ac6.mcu.externaltools.arm-none.win32_1.17.0.201812190825/tools/compiler/bin/../lib/gcc/arm-none-eabi/7.3.1/../../../../arm-none-eabi/lib/thumb/v7e-m/fpv4-sp/hard\libm.a
START GROUP
LOAD c:/ac6/systemworkbench/plugins/fr.ac6.mcu.externaltools.arm-none.win32_1.17.0.201812190825/tools/compiler/bin/../lib/gcc/arm-none-eabi/7.3.1/thumb/v7e-m/fpv4-sp/hard\libgcc.a
LOAD c:/ac6/systemworkbench/plugins/fr.ac6.mcu.externaltools.arm-none.win32_1.17.0.201812190825/tools/compiler/bin/../lib/gcc/arm-none-eabi/7.3.1/../../../../arm-none-eabi/lib/thumb/v7e-m/fpv4-sp/hard\libc.a
END GROUP
LOAD c:/ac6/systemworkbench/plugins/fr.ac6.mcu.externaltools.arm-none.win32_1.17.0.201812190825/tools/compiler/bin/../lib/gcc/arm-none-eabi/7.3.1/thumb/v7e-m/fpv4-sp/hard/crtend.o
LOAD c:/ac6/systemworkbench/plugins/fr.ac6.mcu.externaltools.arm-none.win32_1.17.0.201812190825/tools/compiler/bin/../lib/gcc/arm-none-eabi/7.3.1/thumb/v7e-m/fpv4-sp/hard/crtn.o
                0x20030000                _estack = 0x20030000
                0x00000000                _Min_Heap_Size = 0x0
                0x00000400                _Min_Stack_Size = 0x400

.isr_vector     0x08000000      0x1ac
                0x08000000                . = ALIGN (0x4)
 *(.isr_vector)
 .isr_vector    0x08000000      0x1ac startup/startup_stm32.o
                0x08000000                g_pfnVectors
                0x080001ac                . = ALIGN (0x4)

.text           0x080001c0     0xeaf0
                0x080001c0                . = ALIGN (0x4)
 *(.text)
 .text          0x080001c0       0x40 c:/ac6/systemworkbench/plugins/fr.ac6.mcu.externaltools.arm-none.win32_1.17.0.201812190825/tools/compiler/bin/../lib/gcc/arm-none-eabi/7.3.1/thumb/v7e-m/fpv4-sp/hard/crtbegin.o
 .text          0x08000200      0x378 c:/ac6/systemworkbench/plugins/fr.ac6.mcu.externaltools.arm-none.win32_1.17.0.201812190825/tools/compiler/bin/../lib/gcc/arm-none-eabi/7.3.1/thumb/v7e-m/fpv4-sp/hard\libgcc.a(_arm_addsubdf3.o)
                0x08000200                __aeabi_drsub
                0x08000208                __aeabi_dsub
                0x08000208                __subdf3
                0x0800020c                __aeabi_dadd
                0x0800020c                __adddf3
                0x08000484                __floatunsidf
                0x08000484                __aeabi_ui2d
                0x080004a4                __floatsidf
                0x080004a4                __aeabi_i2d
                0x080004c8                __aeabi_f2d
                0x080004c8                __extendsfdf2
                0x0800050c                __floatundidf
                0x0800050c                __aeabi_ul2d
                0x0800051c                __floatdidf
                0x0800051c                __aeabi_l2d
 .text          0x08000578      0x424 c:/ac6/systemworkbench/plugins/fr.ac6.mcu.externaltools.arm-none.win32_1.17.0.201812190825/tools/compiler/bin/../lib/gcc/arm-none-eabi/7.3.1/thumb/v7e-m/fpv4-sp/hard\libgcc.a(_arm_muldivdf3.o)
                0x08000578                __aeabi_dmul
                0x08000578                __muldf3
                0x080007cc                __divdf3
                0x080007cc                __aeabi_ddiv
 .text          0x0800099c      0x110 c:/ac6/systemworkbench/plugins/fr.ac6.mcu.externaltools.arm-none.win32_1.17.0.201812190825/tools/compiler/bin/../lib/gcc/arm-none-eabi/7.3.1/thumb/v7e-m/fpv4-sp/hard\libgcc.a(_arm_cmpdf2.o)
                0x0800099c                __gtdf2
                0x0800099c                __gedf2
                0x080009a4                __ltdf2
                0x080009a4                __ledf2
                0x080009ac                __nedf2
                0x080009ac                __eqdf2
                0x080009ac                __cmpdf2
                0x08000a28                __aeabi_cdrcmple
                0x08000a38                __aeabi_cdcmpeq
                0x08000a38                __aeabi_cdcmple
                0x08000a48                __aeabi_dcmpeq
                0x08000a5c                __aeabi_dcmplt
                0x08000a70                __aeabi_dcmple
                0x08000a84                __aeabi_dcmpge
                0x08000a98                __aeabi_dcmpgt
 .text          0x08000aac       0x40 c:/ac6/systemworkbench/plugins/fr.ac6.mcu.externaltools.arm-none.win32_1.17.0.201812190825/tools/compiler/bin/../lib/gcc/arm-none-eabi/7.3.1/thumb/v7e-m/fpv4-sp/hard\libgcc.a(_arm_fixunsdfsi.o)
                0x08000aac                __aeabi_d2uiz
                0x08000aac                __fixunsdfsi
 *fill*         0x08000aec       0x14 
 .text          0x08000b00       0xdc c:/ac6/systemworkbench/plugins/fr.ac6.mcu.externaltools.arm-none.win32_1.17.0.201812190825/tools/compiler/bin/../lib/gcc/arm-none-eabi/7.3.1/../../../../arm-none-eabi/lib/thumb/v7e-m/fpv4-sp/hard\libc.a(lib_a-strlen.o)
                0x08000b00                strlen
 *fill*         0x08000bdc        0x4 
 .text          0x08000be0       0xa0 c:/ac6/systemworkbench/plugins/fr.ac6.mcu.externaltools.arm-none.win32_1.17.0.201812190825/tools/compiler/bin/../lib/gcc/arm-none-eabi/7.3.1/../../../../arm-none-eabi/lib/thumb/v7e-m/fpv4-sp/hard\libc.a(lib_a-memchr.o)
                0x08000be0                memchr
 .text          0x08000c80      0x134 c:/ac6/systemworkbench/plugins/fr.ac6.mcu.externaltools.arm-none.win32_1.17.0.201812190825/tools/compiler/bin/../lib/gcc/arm-none-eabi/7.3.1/../../../../arm-none-eabi/lib/thumb/v7e-m/fpv4-sp/hard\libc.a(lib_a-memcpy.o)
                0x08000c80                memcpy
 .text          0x08000db4       0x2c c:/ac6/systemworkbench/plugins/fr.ac6.mcu.externaltools.arm-none.win32_1.17.0.201812190825/tools/compiler/bin/../lib/gcc/arm-none-eabi/7.3.1/thumb/v7e-m/fpv4-sp/hard\libgcc.a(_arm_unorddf2.o)
                0x08000db4                __unorddf2
                0x08000db4                __aeabi_dcmpun
 .text          0x08000de0       0x50 c:/ac6/systemworkbench/plugins/fr.ac6.mcu.externaltools.arm-none.win32_1.17.0.201812190825/tools/compiler/bin/../lib/gcc/arm-none-eabi/7.3.1/thumb/v7e-m/fpv4-sp/hard\libgcc.a(_arm_fixdfsi.o)
                0x08000de0                __aeabi_d2iz
                0x08000de0                __fixdfsi
 .text          0x08000e30       0xa0 c:/ac6/systemworkbench/plugins/fr.ac6.mcu.externaltools.arm-none.win32_1.17.0.201812190825/tools/compiler/bin/../lib/gcc/arm-none-eabi/7.3.1/thumb/v7e-m/fpv4-sp/hard\libgcc.a(_arm_truncdfsf2.o)
                0x08000e30                __truncdfsf2
                0x08000e30                __aeabi_d2f
 .text          0x08000ed0       0x30 c:/ac6/systemworkbench/plugins/fr.ac6.mcu.externaltools.arm-none.win32_1.17.0.201812190825/tools/compiler/bin/../lib/gcc/arm-none-eabi/7.3.1/thumb/v7e-m/fpv4-sp/hard\libgcc.a(_aeabi_uldivmod.o)
                0x08000ed0                __aeabi_uldivmod
 .text          0x08000f00      0x2cc c:/ac6/systemworkbench/plugins/fr.ac6.mcu.externaltools.arm-none.win32_1.17.0.201812190825/tools/compiler/bin/../lib/gcc/arm-none-eabi/7.3.1/thumb/v7e-m/fpv4-sp/hard\libgcc.a(_udivmoddi4.o)
                0x08000f00                __udivmoddi4
 .text          0x080011cc        0x4 c:/ac6/systemworkbench/plugins/fr.ac6.mcu.externaltools.arm-none.win32_1.17.0.201812190825/tools/compiler/bin/../lib/gcc/arm-none-eabi/7.3.1/thumb/v7e-m/fpv4-sp/hard\libgcc.a(_dvmd_tls.o)
                0x080011cc                __aeabi_idiv0
                0x080011cc                __aeabi_ldiv0
 *(.text*)
 .text.NVIC_Init
                0x080011d0       0xc4 StdPeriph_Driver/src/misc.o
                0x080011d0                NVIC_Init
 .text.GPIO_Init
                0x08001294      0x11c StdPeriph_Driver/src/stm32f4xx_gpio.o
                0x08001294                GPIO_Init
 .text.GPIO_ReadInputDataBit
                0x080013b0       0x34 StdPeriph_Driver/src/stm32f4xx_gpio.o
                0x080013b0                GPIO_ReadInputDataBit
 .text.GPIO_SetBits
                0x080013e4       0x1e StdPeriph_Driver/src/stm32f4xx_gpio.o
                0x080013e4                GPIO_SetBits
 .text.GPIO_ResetBits
                0x08001402       0x1e StdPeriph_Driver/src/stm32f4xx_gpio.o
                0x08001402                GPIO_ResetBits
 .text.GPIO_PinAFConfig
                0x08001420       0x92 StdPeriph_Driver/src/stm32f4xx_gpio.o
                0x08001420                GPIO_PinAFConfig
 *fill*         0x080014b2        0x2 
 .text.RCC_GetClocksFreq
                0x080014b4      0x150 StdPeriph_Driver/src/stm32f4xx_rcc.o
                0x080014b4                RCC_GetClocksFreq
 .text.RCC_AHB1PeriphClockCmd
                0x08001604       0x40 StdPeriph_Driver/src/stm32f4xx_rcc.o
                0x08001604                RCC_AHB1PeriphClockCmd
 .text.RCC_APB1PeriphClockCmd
                0x08001644       0x40 StdPeriph_Driver/src/stm32f4xx_rcc.o
                0x08001644                RCC_APB1PeriphClockCmd
 .text.RCC_APB2PeriphClockCmd
                0x08001684       0x40 StdPeriph_Driver/src/stm32f4xx_rcc.o
                0x08001684                RCC_APB2PeriphClockCmd
 .text.SPI_Init
                0x080016c4       0x88 StdPeriph_Driver/src/stm32f4xx_spi.o
                0x080016c4                SPI_Init
 .text.SPI_StructInit
                0x0800174c       0x4a StdPeriph_Driver/src/stm32f4xx_spi.o
                0x0800174c                SPI_StructInit
 *fill*         0x08001796        0x2 
 .text.TIM_TimeBaseInit
                0x08001798       0xd8 StdPeriph_Driver/src/stm32f4xx_tim.o
                0x08001798                TIM_TimeBaseInit
 .text.USART_Init
                0x08001870      0x174 StdPeriph_Driver/src/stm32f4xx_usart.o
                0x08001870                USART_Init
 .text.USART_Cmd
                0x080019e4       0x40 StdPeriph_Driver/src/stm32f4xx_usart.o
                0x080019e4                USART_Cmd
 .text.USART_SendData
                0x08001a24       0x24 StdPeriph_Driver/src/stm32f4xx_usart.o
                0x08001a24                USART_SendData
 .text.USART_ReceiveData
                0x08001a48       0x20 StdPeriph_Driver/src/stm32f4xx_usart.o
                0x08001a48                USART_ReceiveData
 .text.USART_ITConfig
                0x08001a68       0x90 StdPeriph_Driver/src/stm32f4xx_usart.o
                0x08001a68                USART_ITConfig
 .text.USART_GetFlagStatus
                0x08001af8       0x38 StdPeriph_Driver/src/stm32f4xx_usart.o
                0x08001af8                USART_GetFlagStatus
 .text.CE_mount_SD
                0x08001b30       0x54 src/CE_SD_card_control.o
                0x08001b30                CE_mount_SD
 .text.CE_unmount_SD
                0x08001b84       0x44 src/CE_SD_card_control.o
                0x08001b84                CE_unmount_SD
 .text.CE_write_SD
                0x08001bc8       0xa0 src/CE_SD_card_control.o
                0x08001bc8                CE_write_SD
 .text.delay_ms
                0x08001c68       0x30 src/GLOBAL.o
                0x08001c68                delay_ms
 .text.Menu     0x08001c98      0x664 src/MENU.o
                0x08001c98                Menu
 .text.Menuinit
                0x080022fc       0x2c src/MENU.o
                0x080022fc                Menuinit
 .text.disk_initialize
                0x08002328       0x44 src/diskio.o
                0x08002328                disk_initialize
 .text.disk_status
                0x0800236c       0x48 src/diskio.o
                0x0800236c                disk_status
 .text.disk_read
                0x080023b4       0x5c src/diskio.o
                0x080023b4                disk_read
 .text.disk_write
                0x08002410       0x5c src/diskio.o
                0x08002410                disk_write
 .text.disk_ioctl
                0x0800246c       0x54 src/diskio.o
                0x0800246c                disk_ioctl
 .text.get_fattime
                0x080024c0       0x14 src/diskio.o
                0x080024c0                get_fattime
 .text.TM_FATFS_USB_disk_initialize
                0x080024d4       0x10 src/diskio.o
                0x080024d4                TM_FATFS_USB_disk_initialize
 .text.TM_FATFS_SDRAM_disk_initialize
                0x080024e4       0x10 src/diskio.o
                0x080024e4                TM_FATFS_SDRAM_disk_initialize
 .text.TM_FATFS_SPI_FLASH_disk_initialize
                0x080024f4       0x10 src/diskio.o
                0x080024f4                TM_FATFS_SPI_FLASH_disk_initialize
 .text.TM_FATFS_USB_disk_status
                0x08002504       0x10 src/diskio.o
                0x08002504                TM_FATFS_USB_disk_status
 .text.TM_FATFS_SDRAM_disk_status
                0x08002514       0x10 src/diskio.o
                0x08002514                TM_FATFS_SDRAM_disk_status
 .text.TM_FATFS_SPI_FLASH_disk_status
                0x08002524       0x10 src/diskio.o
                0x08002524                TM_FATFS_SPI_FLASH_disk_status
 .text.TM_FATFS_USB_disk_ioctl
                0x08002534       0x1a src/diskio.o
                0x08002534                TM_FATFS_USB_disk_ioctl
 .text.TM_FATFS_SDRAM_disk_ioctl
                0x0800254e       0x1a src/diskio.o
                0x0800254e                TM_FATFS_SDRAM_disk_ioctl
 .text.TM_FATFS_SPI_FLASH_disk_ioctl
                0x08002568       0x1a src/diskio.o
                0x08002568                TM_FATFS_SPI_FLASH_disk_ioctl
 .text.TM_FATFS_USB_disk_read
                0x08002582       0x1a src/diskio.o
                0x08002582                TM_FATFS_USB_disk_read
 .text.TM_FATFS_SDRAM_disk_read
                0x0800259c       0x1a src/diskio.o
                0x0800259c                TM_FATFS_SDRAM_disk_read
 .text.TM_FATFS_SPI_FLASH_disk_read
                0x080025b6       0x1a src/diskio.o
                0x080025b6                TM_FATFS_SPI_FLASH_disk_read
 .text.TM_FATFS_USB_disk_write
                0x080025d0       0x1a src/diskio.o
                0x080025d0                TM_FATFS_USB_disk_write
 .text.TM_FATFS_SDRAM_disk_write
                0x080025ea       0x1a src/diskio.o
                0x080025ea                TM_FATFS_SDRAM_disk_write
 .text.TM_FATFS_SPI_FLASH_disk_write
                0x08002604       0x1a src/diskio.o
                0x08002604                TM_FATFS_SPI_FLASH_disk_write
 .text.TM_SPI_Send
                0x0800261e       0x76 src/fatfs_sd.o
 .text.Delayms  0x08002694       0x58 src/fatfs_sd.o
 .text.init_spi
                0x080026ec       0x2c src/fatfs_sd.o
 .text.rcvr_spi_multi
                0x08002718       0x24 src/fatfs_sd.o
 .text.xmit_spi_multi
                0x0800273c       0x20 src/fatfs_sd.o
 .text.wait_ready
                0x0800275c       0x44 src/fatfs_sd.o
 .text.deselect_1
                0x080027a0       0x20 src/fatfs_sd.o
 .text.select_1
                0x080027c0       0x38 src/fatfs_sd.o
 .text.rcvr_datablock
                0x080027f8       0x60 src/fatfs_sd.o
 .text.xmit_datablock
                0x08002858       0x70 src/fatfs_sd.o
 .text.send_cmd
                0x080028c8       0xf4 src/fatfs_sd.o
 .text.TM_FATFS_InitPins
                0x080029bc       0x28 src/fatfs_sd.o
                0x080029bc                TM_FATFS_InitPins
 .text.TM_FATFS_Detect
                0x080029e4       0x10 src/fatfs_sd.o
                0x080029e4                TM_FATFS_Detect
 .text.TM_FATFS_WriteEnabled
                0x080029f4       0x10 src/fatfs_sd.o
                0x080029f4                TM_FATFS_WriteEnabled
 .text.TM_FATFS_SD_disk_initialize
                0x08002a04      0x1d0 src/fatfs_sd.o
                0x08002a04                TM_FATFS_SD_disk_initialize
 .text.TM_FATFS_SD_disk_status
                0x08002bd4       0x4c src/fatfs_sd.o
                0x08002bd4                TM_FATFS_SD_disk_status
 .text.TM_FATFS_SD_disk_read
                0x08002c20       0xc4 src/fatfs_sd.o
                0x08002c20                TM_FATFS_SD_disk_read
 .text.TM_FATFS_SD_disk_write
                0x08002ce4      0x100 src/fatfs_sd.o
                0x08002ce4                TM_FATFS_SD_disk_write
 .text.TM_FATFS_SD_disk_ioctl
                0x08002de4      0x2e8 src/fatfs_sd.o
                0x08002de4                TM_FATFS_SD_disk_ioctl
 .text.mem_cpy  0x080030cc       0x3c src/ff.o
 .text.mem_set  0x08003108       0x34 src/ff.o
 .text.mem_cmp  0x0800313c       0x4e src/ff.o
 .text.chk_chr  0x0800318a       0x36 src/ff.o
 .text.sync_window
                0x080031c0       0x88 src/ff.o
 .text.move_window
                0x08003248       0x5a src/ff.o
 .text.sync_fs  0x080032a2      0x144 src/ff.o
 .text.clust2sect
                0x080033e6       0x3e src/ff.o
                0x080033e6                clust2sect
 .text.get_fat  0x08003424      0x172 src/ff.o
                0x08003424                get_fat
 .text.put_fat  0x08003596      0x212 src/ff.o
                0x08003596                put_fat
 .text.remove_chain
                0x080037a8       0xa6 src/ff.o
 .text.create_chain
                0x0800384e      0x126 src/ff.o
 .text.dir_sdi  0x08003974       0xfe src/ff.o
 .text.dir_next
                0x08003a72      0x1a6 src/ff.o
 .text.dir_alloc
                0x08003c18       0x8c src/ff.o
 .text.ld_clust
                0x08003ca4       0x5a src/ff.o
 .text.st_clust
                0x08003cfe       0x4e src/ff.o
 .text.dir_find
                0x08003d4c       0x96 src/ff.o
 .text.dir_register
                0x08003de2       0x64 src/ff.o
 *fill*         0x08003e46        0x2 
 .text.create_name
                0x08003e48      0x1ec src/ff.o
 .text.follow_path
                0x08004034      0x106 src/ff.o
 *fill*         0x0800413a        0x2 
 .text.get_ldnumber
                0x0800413c      0x10c src/ff.o
 .text.check_fs
                0x08004248       0xd0 src/ff.o
 .text.find_volume
                0x08004318      0x568 src/ff.o
 .text.validate
                0x08004880       0x5a src/ff.o
 *fill*         0x080048da        0x2 
 .text.f_mount  0x080048dc       0x88 src/ff.o
                0x080048dc                f_mount
 .text.f_open   0x08004964      0x280 src/ff.o
                0x08004964                f_open
 .text.f_write  0x08004be4      0x2d8 src/ff.o
                0x08004be4                f_write
 .text.f_sync   0x08004ebc      0x150 src/ff.o
                0x08004ebc                f_sync
 .text.f_close  0x0800500c       0x38 src/ff.o
                0x0800500c                f_close
 .text.f_lseek  0x08005044      0x266 src/ff.o
                0x08005044                f_lseek
 .text.putc_bfd
                0x080052aa       0x7a src/ff.o
 .text.f_puts   0x08005324       0x74 src/ff.o
                0x08005324                f_puts
 .text.NVIC_SetPriority
                0x08005398       0x54 src/main_v1.o
 .text.SysTick_Config
                0x080053ec       0x44 src/main_v1.o
 .text.main     0x08005430       0x64 src/main_v1.o
                0x08005430                main
 .text.USART2_IRQHandler
                0x08005494       0x74 src/main_v1.o
                0x08005494                USART2_IRQHandler
 .text.RCC_Configuration
                0x08005508       0x1a src/main_v1.o
                0x08005508                RCC_Configuration
 *fill*         0x08005522        0x2 
 .text.GPIO_Configuration
                0x08005524       0xb8 src/main_v1.o
                0x08005524                GPIO_Configuration
 .text.USART2_Configuration
                0x080055dc       0x40 src/main_v1.o
                0x080055dc                USART2_Configuration
 .text.NVIC_Configuration
                0x0800561c       0x38 src/main_v1.o
                0x0800561c                NVIC_Configuration
 .text.LCDinit  0x08005654       0x3c src/stm32_ub_lcd_2x16.o
                0x08005654                LCDinit
 .text.UB_LCD_2x16_Clear
                0x08005690       0x16 src/stm32_ub_lcd_2x16.o
                0x08005690                UB_LCD_2x16_Clear
 .text.UB_LCD_2x16_String
                0x080056a6       0x3e src/stm32_ub_lcd_2x16.o
                0x080056a6                UB_LCD_2x16_String
 .text.P_LCD_2x16_InitIO
                0x080056e4       0xa8 src/stm32_ub_lcd_2x16.o
                0x080056e4                P_LCD_2x16_InitIO
 .text.P_LCD_2x16_PinLo
                0x0800578c       0x40 src/stm32_ub_lcd_2x16.o
                0x0800578c                P_LCD_2x16_PinLo
 .text.P_LCD_2x16_PinHi
                0x080057cc       0x40 src/stm32_ub_lcd_2x16.o
                0x080057cc                P_LCD_2x16_PinHi
 .text.P_LCD_2x16_Clk
                0x0800580c       0x24 src/stm32_ub_lcd_2x16.o
                0x0800580c                P_LCD_2x16_Clk
 .text.P_LCD_2x16_InitSequenz
                0x08005830       0x68 src/stm32_ub_lcd_2x16.o
                0x08005830                P_LCD_2x16_InitSequenz
 .text.P_LCD_2x16_Cmd
                0x08005898       0xde src/stm32_ub_lcd_2x16.o
                0x08005898                P_LCD_2x16_Cmd
 .text.P_LCD_2x16_Data
                0x08005976       0xde src/stm32_ub_lcd_2x16.o
                0x08005976                P_LCD_2x16_Data
 .text.P_LCD_2x16_Cursor
                0x08005a54       0x4a src/stm32_ub_lcd_2x16.o
                0x08005a54                P_LCD_2x16_Cursor
 .text.P_LCD_2x16_Delay
                0x08005a9e       0x20 src/stm32_ub_lcd_2x16.o
                0x08005a9e                P_LCD_2x16_Delay
 *fill*         0x08005abe        0x2 
 .text.SysTick_Handler
                0x08005ac0       0x28 src/stm32f4xx_it.o
                0x08005ac0                SysTick_Handler
 .text.NMI_Handler
                0x08005ae8        0xe src/stm32f4xx_it.o
                0x08005ae8                NMI_Handler
 .text.HardFault_Handler
                0x08005af6        0x6 src/stm32f4xx_it.o
                0x08005af6                HardFault_Handler
 .text.MemManage_Handler
                0x08005afc        0x6 src/stm32f4xx_it.o
                0x08005afc                MemManage_Handler
 .text.BusFault_Handler
                0x08005b02        0x6 src/stm32f4xx_it.o
                0x08005b02                BusFault_Handler
 .text.UsageFault_Handler
                0x08005b08        0x6 src/stm32f4xx_it.o
                0x08005b08                UsageFault_Handler
 .text.SVC_Handler
                0x08005b0e        0xe src/stm32f4xx_it.o
                0x08005b0e                SVC_Handler
 .text.DebugMon_Handler
                0x08005b1c        0xe src/stm32f4xx_it.o
                0x08005b1c                DebugMon_Handler
 .text.PendSV_Handler
                0x08005b2a        0xe src/stm32f4xx_it.o
                0x08005b2a                PendSV_Handler
 .text._sbrk    0x08005b38       0x58 src/syscalls.o
                0x08005b38                _sbrk
 .text.SystemInit
                0x08005b90       0x6c src/system_stm32f4xx.o
                0x08005b90                SystemInit
 .text.SetSysClock
                0x08005bfc      0x12c src/system_stm32f4xx.o
 .text.teclado  0x08005d28      0x11c src/teclado.o
                0x08005d28                teclado
 .text.Tecladoinit
                0x08005e44       0x78 src/teclado.o
                0x08005e44                Tecladoinit
 .text.TIM2_IRQHandler
                0x08005ebc       0xfc src/tm_stm32f4_delay.o
                0x08005ebc                TIM2_IRQHandler
 .text.TM_DELAY_Init
                0x08005fb8       0x18 src/tm_stm32f4_delay.o
                0x08005fb8                TM_DELAY_Init
 .text.TM_DELAY_INT_InitTIM
                0x08005fd0       0xc8 src/tm_stm32f4_delay.o
                0x08005fd0                TM_DELAY_INT_InitTIM
 .text.TM_GPIO_Init
                0x08006098       0x46 src/tm_stm32f4_gpio.o
                0x08006098                TM_GPIO_Init
 .text.TM_GPIO_InitAlternate
                0x080060de       0xa8 src/tm_stm32f4_gpio.o
                0x080060de                TM_GPIO_InitAlternate
 .text.TM_GPIO_GetPortSource
                0x08006186       0x22 src/tm_stm32f4_gpio.o
                0x08006186                TM_GPIO_GetPortSource
 .text.TM_GPIO_INT_EnableClock
                0x080061a8       0x30 src/tm_stm32f4_gpio.o
                0x080061a8                TM_GPIO_INT_EnableClock
 .text.TM_GPIO_INT_Init
                0x080061d8      0x10c src/tm_stm32f4_gpio.o
                0x080061d8                TM_GPIO_INT_Init
 .text.TM_SPI_Send
                0x080062e4       0x76 src/tm_stm32f4_mfrc522.o
 *fill*         0x0800635a        0x2 
 .text.TM_MFRC522_Init
                0x0800635c       0x58 src/tm_stm32f4_mfrc522.o
                0x0800635c                TM_MFRC522_Init
 .text.TM_MFRC522_Check
                0x080063b4       0x32 src/tm_stm32f4_mfrc522.o
                0x080063b4                TM_MFRC522_Check
 *fill*         0x080063e6        0x2 
 .text.TM_MFRC522_InitPins
                0x080063e8       0x40 src/tm_stm32f4_mfrc522.o
                0x080063e8                TM_MFRC522_InitPins
 .text.TM_MFRC522_WriteRegister
                0x08006428       0x4c src/tm_stm32f4_mfrc522.o
                0x08006428                TM_MFRC522_WriteRegister
 .text.TM_MFRC522_ReadRegister
                0x08006474       0x50 src/tm_stm32f4_mfrc522.o
                0x08006474                TM_MFRC522_ReadRegister
 .text.TM_MFRC522_SetBitMask
                0x080064c4       0x34 src/tm_stm32f4_mfrc522.o
                0x080064c4                TM_MFRC522_SetBitMask
 .text.TM_MFRC522_ClearBitMask
                0x080064f8       0x3c src/tm_stm32f4_mfrc522.o
                0x080064f8                TM_MFRC522_ClearBitMask
 .text.TM_MFRC522_AntennaOn
                0x08006534       0x2a src/tm_stm32f4_mfrc522.o
                0x08006534                TM_MFRC522_AntennaOn
 .text.TM_MFRC522_Reset
                0x0800655e       0x10 src/tm_stm32f4_mfrc522.o
                0x0800655e                TM_MFRC522_Reset
 .text.TM_MFRC522_Request
                0x0800656e       0x4a src/tm_stm32f4_mfrc522.o
                0x0800656e                TM_MFRC522_Request
 .text.TM_MFRC522_ToCard
                0x080065b8      0x19e src/tm_stm32f4_mfrc522.o
                0x080065b8                TM_MFRC522_ToCard
 .text.TM_MFRC522_Anticoll
                0x08006756       0x7a src/tm_stm32f4_mfrc522.o
                0x08006756                TM_MFRC522_Anticoll
 .text.TM_MFRC522_CalculateCRC
                0x080067d0       0x92 src/tm_stm32f4_mfrc522.o
                0x080067d0                TM_MFRC522_CalculateCRC
 .text.TM_MFRC522_Halt
                0x08006862       0x36 src/tm_stm32f4_mfrc522.o
                0x08006862                TM_MFRC522_Halt
 .text.TM_SPI_Init
                0x08006898       0xe0 src/tm_stm32f4_spi.o
                0x08006898                TM_SPI_Init
 .text.TM_SPI_WriteMulti
                0x08006978       0x8a src/tm_stm32f4_spi.o
                0x08006978                TM_SPI_WriteMulti
 .text.TM_SPI_ReadMulti
                0x08006a02       0x94 src/tm_stm32f4_spi.o
                0x08006a02                TM_SPI_ReadMulti
 .text.TM_SPI_InitCustomPinsCallback
                0x08006a96       0x18 src/tm_stm32f4_spi.o
                0x08006a96                TM_SPI_InitCustomPinsCallback
 *fill*         0x08006aae        0x2 
 .text.TM_SPIx_Init
                0x08006ab0      0x188 src/tm_stm32f4_spi.o
 .text.TM_SPI1_INT_InitPins
                0x08006c38       0x60 src/tm_stm32f4_spi.o
                0x08006c38                TM_SPI1_INT_InitPins
 .text.TM_SPI2_INT_InitPins
                0x08006c98       0x98 src/tm_stm32f4_spi.o
                0x08006c98                TM_SPI2_INT_InitPins
 .text.TM_SPI3_INT_InitPins
                0x08006d30       0x64 src/tm_stm32f4_spi.o
                0x08006d30                TM_SPI3_INT_InitPins
 .text.TM_SPI4_INT_InitPins
                0x08006d94       0x60 src/tm_stm32f4_spi.o
                0x08006d94                TM_SPI4_INT_InitPins
 .text.TM_SPI5_INT_InitPins
                0x08006df4       0x78 src/tm_stm32f4_spi.o
                0x08006df4                TM_SPI5_INT_InitPins
 .text.TM_SPI6_INT_InitPins
                0x08006e6c       0x44 src/tm_stm32f4_spi.o
                0x08006e6c                TM_SPI6_INT_InitPins
 .text.TM_TIMER_PROPERTIES_GetTimerProperties
                0x08006eb0      0x100 src/tm_stm32f4_timer_properties.o
                0x08006eb0                TM_TIMER_PROPERTIES_GetTimerProperties
 .text.TM_TIMER_PROPERTIES_GenerateDataForWorkingFrequency
                0x08006fb0      0x11e src/tm_stm32f4_timer_properties.o
                0x08006fb0                TM_TIMER_PROPERTIES_GenerateDataForWorkingFrequency
 *fill*         0x080070ce        0x2 
 .text.TM_TIMER_PROPERTIES_EnableClock
                0x080070d0      0x148 src/tm_stm32f4_timer_properties.o
                0x080070d0                TM_TIMER_PROPERTIES_EnableClock
 .text.Reset_Handler
                0x08007218       0x50 startup/startup_stm32.o
                0x08007218                Reset_Handler
 .text.Default_Handler
                0x08007268        0x2 startup/startup_stm32.o
                0x08007268                RTC_Alarm_IRQHandler
                0x08007268                HASH_RNG_IRQHandler
                0x08007268                EXTI2_IRQHandler
                0x08007268                TIM8_CC_IRQHandler
                0x08007268                UART8_IRQHandler
                0x08007268                SPI4_IRQHandler
                0x08007268                TIM1_CC_IRQHandler
                0x08007268                DMA2_Stream5_IRQHandler
                0x08007268                DMA1_Stream5_IRQHandler
                0x08007268                PVD_IRQHandler
                0x08007268                SDIO_IRQHandler
                0x08007268                TAMP_STAMP_IRQHandler
                0x08007268                CAN2_RX1_IRQHandler
                0x08007268                EXTI3_IRQHandler
                0x08007268                TIM8_TRG_COM_TIM14_IRQHandler
                0x08007268                TIM1_UP_TIM10_IRQHandler
                0x08007268                TIM8_UP_TIM13_IRQHandler
                0x08007268                I2C3_ER_IRQHandler
                0x08007268                LCD_TFT_IRQHandler
                0x08007268                EXTI0_IRQHandler
                0x08007268                I2C2_EV_IRQHandler
                0x08007268                DMA1_Stream2_IRQHandler
                0x08007268                CAN1_RX0_IRQHandler
                0x08007268                FPU_IRQHandler
                0x08007268                OTG_HS_WKUP_IRQHandler
                0x08007268                CAN2_SCE_IRQHandler
                0x08007268                DMA2_Stream2_IRQHandler
                0x08007268                SPI1_IRQHandler
                0x08007268                TIM6_DAC_IRQHandler
                0x08007268                TIM1_BRK_TIM9_IRQHandler
                0x08007268                DCMI_IRQHandler
                0x08007268                CAN2_RX0_IRQHandler
                0x08007268                DMA2_Stream3_IRQHandler
                0x08007268                USART6_IRQHandler
                0x08007268                USART3_IRQHandler
                0x08007268                CRYP_IRQHandler
                0x08007268                CAN1_RX1_IRQHandler
                0x08007268                UART5_IRQHandler
                0x08007268                DMA2_Stream0_IRQHandler
                0x08007268                TIM4_IRQHandler
                0x08007268                I2C1_EV_IRQHandler
                0x08007268                DMA1_Stream6_IRQHandler
                0x08007268                DMA1_Stream1_IRQHandler
                0x08007268                UART4_IRQHandler
                0x08007268                LCD_TFT_1_IRQHandler
                0x08007268                TIM3_IRQHandler
                0x08007268                RCC_IRQHandler
                0x08007268                TIM8_BRK_TIM12_IRQHandler
                0x08007268                Default_Handler
                0x08007268                EXTI15_10_IRQHandler
                0x08007268                ADC_IRQHandler
                0x08007268                DMA1_Stream7_IRQHandler
                0x08007268                SPI5_IRQHandler
                0x08007268                TIM7_IRQHandler
                0x08007268                CAN2_TX_IRQHandler
                0x08007268                TIM5_IRQHandler
                0x08007268                DMA2_Stream7_IRQHandler
                0x08007268                I2C3_EV_IRQHandler
                0x08007268                EXTI9_5_IRQHandler
                0x08007268                RTC_WKUP_IRQHandler
                0x08007268                ETH_WKUP_IRQHandler
                0x08007268                SPI2_IRQHandler
                0x08007268                OTG_HS_EP1_IN_IRQHandler
                0x08007268                DMA1_Stream0_IRQHandler
                0x08007268                CAN1_TX_IRQHandler
                0x08007268                EXTI4_IRQHandler
                0x08007268                ETH_IRQHandler
                0x08007268                OTG_HS_EP1_OUT_IRQHandler
                0x08007268                WWDG_IRQHandler
                0x08007268                SPI6_IRQHandler
                0x08007268                OTG_FS_WKUP_IRQHandler
                0x08007268                TIM1_TRG_COM_TIM11_IRQHandler
                0x08007268                OTG_HS_IRQHandler
                0x08007268                DMA2D_IRQHandler
                0x08007268                EXTI1_IRQHandler
                0x08007268                UART7_IRQHandler
                0x08007268                I2C2_ER_IRQHandler
                0x08007268                DMA2_Stream1_IRQHandler
                0x08007268                CAN1_SCE_IRQHandler
                0x08007268                FLASH_IRQHandler
                0x08007268                DMA2_Stream4_IRQHandler
                0x08007268                USART1_IRQHandler
                0x08007268                OTG_FS_IRQHandler
                0x08007268                SPI3_IRQHandler
                0x08007268                DMA1_Stream4_IRQHandler
                0x08007268                I2C1_ER_IRQHandler
                0x08007268                FMC_IRQHandler
                0x08007268                DMA2_Stream6_IRQHandler
                0x08007268                SAI1_IRQHandler
                0x08007268                DMA1_Stream3_IRQHandler
 *fill*         0x0800726a        0x2 
 .text.atoi     0x0800726c        0x8 c:/ac6/systemworkbench/plugins/fr.ac6.mcu.externaltools.arm-none.win32_1.17.0.201812190825/tools/compiler/bin/../lib/gcc/arm-none-eabi/7.3.1/../../../../arm-none-eabi/lib/thumb/v7e-m/fpv4-sp/hard\libc.a(lib_a-atoi.o)
                0x0800726c                atoi
 .text.__errno  0x08007274        0xc c:/ac6/systemworkbench/plugins/fr.ac6.mcu.externaltools.arm-none.win32_1.17.0.201812190825/tools/compiler/bin/../lib/gcc/arm-none-eabi/7.3.1/../../../../arm-none-eabi/lib/thumb/v7e-m/fpv4-sp/hard\libc.a(lib_a-errno.o)
                0x08007274                __errno
 .text.__libc_init_array
                0x08007280       0x48 c:/ac6/systemworkbench/plugins/fr.ac6.mcu.externaltools.arm-none.win32_1.17.0.201812190825/tools/compiler/bin/../lib/gcc/arm-none-eabi/7.3.1/../../../../arm-none-eabi/lib/thumb/v7e-m/fpv4-sp/hard\libc.a(lib_a-init.o)
                0x08007280                __libc_init_array
 .text.__locale_mb_cur_max
                0x080072c8       0x1c c:/ac6/systemworkbench/plugins/fr.ac6.mcu.externaltools.arm-none.win32_1.17.0.201812190825/tools/compiler/bin/../lib/gcc/arm-none-eabi/7.3.1/../../../../arm-none-eabi/lib/thumb/v7e-m/fpv4-sp/hard\libc.a(lib_a-locale.o)
                0x080072c8                __locale_mb_cur_max
 .text.__locale_ctype_ptr_l
                0x080072e4        0x8 c:/ac6/systemworkbench/plugins/fr.ac6.mcu.externaltools.arm-none.win32_1.17.0.201812190825/tools/compiler/bin/../lib/gcc/arm-none-eabi/7.3.1/../../../../arm-none-eabi/lib/thumb/v7e-m/fpv4-sp/hard\libc.a(lib_a-locale.o)
                0x080072e4                __locale_ctype_ptr_l
 .text.__locale_ctype_ptr
                0x080072ec       0x1c c:/ac6/systemworkbench/plugins/fr.ac6.mcu.externaltools.arm-none.win32_1.17.0.201812190825/tools/compiler/bin/../lib/gcc/arm-none-eabi/7.3.1/../../../../arm-none-eabi/lib/thumb/v7e-m/fpv4-sp/hard\libc.a(lib_a-locale.o)
                0x080072ec                __locale_ctype_ptr
 .text.malloc   0x08007308       0x10 c:/ac6/systemworkbench/plugins/fr.ac6.mcu.externaltools.arm-none.win32_1.17.0.201812190825/tools/compiler/bin/../lib/gcc/arm-none-eabi/7.3.1/../../../../arm-none-eabi/lib/thumb/v7e-m/fpv4-sp/hard\libc.a(lib_a-malloc.o)
                0x08007308                malloc
 .text.free     0x08007318       0x10 c:/ac6/systemworkbench/plugins/fr.ac6.mcu.externaltools.arm-none.win32_1.17.0.201812190825/tools/compiler/bin/../lib/gcc/arm-none-eabi/7.3.1/../../../../arm-none-eabi/lib/thumb/v7e-m/fpv4-sp/hard\libc.a(lib_a-malloc.o)
                0x08007318                free
 .text._malloc_r
                0x08007328      0x548 c:/ac6/systemworkbench/plugins/fr.ac6.mcu.externaltools.arm-none.win32_1.17.0.201812190825/tools/compiler/bin/../lib/gcc/arm-none-eabi/7.3.1/../../../../arm-none-eabi/lib/thumb/v7e-m/fpv4-sp/hard\libc.a(lib_a-mallocr.o)
                0x08007328                _malloc_r
 .text.__ascii_mbtowc
                0x08007870       0x2c c:/ac6/systemworkbench/plugins/fr.ac6.mcu.externaltools.arm-none.win32_1.17.0.201812190825/tools/compiler/bin/../lib/gcc/arm-none-eabi/7.3.1/../../../../arm-none-eabi/lib/thumb/v7e-m/fpv4-sp/hard\libc.a(lib_a-mbtowc_r.o)
                0x08007870                __ascii_mbtowc
 .text.memset   0x0800789c       0x94 c:/ac6/systemworkbench/plugins/fr.ac6.mcu.externaltools.arm-none.win32_1.17.0.201812190825/tools/compiler/bin/../lib/gcc/arm-none-eabi/7.3.1/../../../../arm-none-eabi/lib/thumb/v7e-m/fpv4-sp/hard\libc.a(lib_a-memset.o)
                0x0800789c                memset
 .text.__malloc_lock
                0x08007930        0xc c:/ac6/systemworkbench/plugins/fr.ac6.mcu.externaltools.arm-none.win32_1.17.0.201812190825/tools/compiler/bin/../lib/gcc/arm-none-eabi/7.3.1/../../../../arm-none-eabi/lib/thumb/v7e-m/fpv4-sp/hard\libc.a(lib_a-mlock.o)
                0x08007930                __malloc_lock
 .text.__malloc_unlock
                0x0800793c        0xc c:/ac6/systemworkbench/plugins/fr.ac6.mcu.externaltools.arm-none.win32_1.17.0.201812190825/tools/compiler/bin/../lib/gcc/arm-none-eabi/7.3.1/../../../../arm-none-eabi/lib/thumb/v7e-m/fpv4-sp/hard\libc.a(lib_a-mlock.o)
                0x0800793c                __malloc_unlock
 .text._sbrk_r  0x08007948       0x24 c:/ac6/systemworkbench/plugins/fr.ac6.mcu.externaltools.arm-none.win32_1.17.0.201812190825/tools/compiler/bin/../lib/gcc/arm-none-eabi/7.3.1/../../../../arm-none-eabi/lib/thumb/v7e-m/fpv4-sp/hard\libc.a(lib_a-sbrkr.o)
                0x08007948                _sbrk_r
 .text.sprintf  0x0800796c       0x44 c:/ac6/systemworkbench/plugins/fr.ac6.mcu.externaltools.arm-none.win32_1.17.0.201812190825/tools/compiler/bin/../lib/gcc/arm-none-eabi/7.3.1/../../../../arm-none-eabi/lib/thumb/v7e-m/fpv4-sp/hard\libc.a(lib_a-sprintf.o)
                0x0800796c                sprintf
 .text.sscanf   0x080079b0       0x58 c:/ac6/systemworkbench/plugins/fr.ac6.mcu.externaltools.arm-none.win32_1.17.0.201812190825/tools/compiler/bin/../lib/gcc/arm-none-eabi/7.3.1/../../../../arm-none-eabi/lib/thumb/v7e-m/fpv4-sp/hard\libc.a(lib_a-sscanf.o)
                0x080079b0                sscanf
 .text.__seofread
                0x08007a08        0x4 c:/ac6/systemworkbench/plugins/fr.ac6.mcu.externaltools.arm-none.win32_1.17.0.201812190825/tools/compiler/bin/../lib/gcc/arm-none-eabi/7.3.1/../../../../arm-none-eabi/lib/thumb/v7e-m/fpv4-sp/hard\libc.a(lib_a-stdio.o)
                0x08007a08                __seofread
 .text._strtol_l.isra.0
                0x08007a0c      0x124 c:/ac6/systemworkbench/plugins/fr.ac6.mcu.externaltools.arm-none.win32_1.17.0.201812190825/tools/compiler/bin/../lib/gcc/arm-none-eabi/7.3.1/../../../../arm-none-eabi/lib/thumb/v7e-m/fpv4-sp/hard\libc.a(lib_a-strtol.o)
 .text._strtol_r
                0x08007b30       0x24 c:/ac6/systemworkbench/plugins/fr.ac6.mcu.externaltools.arm-none.win32_1.17.0.201812190825/tools/compiler/bin/../lib/gcc/arm-none-eabi/7.3.1/../../../../arm-none-eabi/lib/thumb/v7e-m/fpv4-sp/hard\libc.a(lib_a-strtol.o)
                0x08007b30                _strtol_r
 .text.strtol   0x08007b54       0x2c c:/ac6/systemworkbench/plugins/fr.ac6.mcu.externaltools.arm-none.win32_1.17.0.201812190825/tools/compiler/bin/../lib/gcc/arm-none-eabi/7.3.1/../../../../arm-none-eabi/lib/thumb/v7e-m/fpv4-sp/hard\libc.a(lib_a-strtol.o)
                0x08007b54                strtol
 .text._svfprintf_r
                0x08007b80     0x19cc c:/ac6/systemworkbench/plugins/fr.ac6.mcu.externaltools.arm-none.win32_1.17.0.201812190825/tools/compiler/bin/../lib/gcc/arm-none-eabi/7.3.1/../../../../arm-none-eabi/lib/thumb/v7e-m/fpv4-sp/hard\libc.a(lib_a-svfprintf.o)
                0x08007b80                _svfprintf_r
 .text.__ssvfscanf_r
                0x0800954c     0x15a0 c:/ac6/systemworkbench/plugins/fr.ac6.mcu.externaltools.arm-none.win32_1.17.0.201812190825/tools/compiler/bin/../lib/gcc/arm-none-eabi/7.3.1/../../../../arm-none-eabi/lib/thumb/v7e-m/fpv4-sp/hard\libc.a(lib_a-svfscanf.o)
                0x0800954c                __ssvfscanf_r
 .text.__ascii_wctomb
                0x0800aaec       0x1c c:/ac6/systemworkbench/plugins/fr.ac6.mcu.externaltools.arm-none.win32_1.17.0.201812190825/tools/compiler/bin/../lib/gcc/arm-none-eabi/7.3.1/../../../../arm-none-eabi/lib/thumb/v7e-m/fpv4-sp/hard\libc.a(lib_a-wctomb_r.o)
                0x0800aaec                __ascii_wctomb
 .text.startup.register_fini
                0x0800ab08       0x14 c:/ac6/systemworkbench/plugins/fr.ac6.mcu.externaltools.arm-none.win32_1.17.0.201812190825/tools/compiler/bin/../lib/gcc/arm-none-eabi/7.3.1/../../../../arm-none-eabi/lib/thumb/v7e-m/fpv4-sp/hard\libc.a(lib_a-__call_atexit.o)
 .text.atexit   0x0800ab1c        0xc c:/ac6/systemworkbench/plugins/fr.ac6.mcu.externaltools.arm-none.win32_1.17.0.201812190825/tools/compiler/bin/../lib/gcc/arm-none-eabi/7.3.1/../../../../arm-none-eabi/lib/thumb/v7e-m/fpv4-sp/hard\libc.a(lib_a-atexit.o)
                0x0800ab1c                atexit
 .text.quorem   0x0800ab28      0x124 c:/ac6/systemworkbench/plugins/fr.ac6.mcu.externaltools.arm-none.win32_1.17.0.201812190825/tools/compiler/bin/../lib/gcc/arm-none-eabi/7.3.1/../../../../arm-none-eabi/lib/thumb/v7e-m/fpv4-sp/hard\libc.a(lib_a-dtoa.o)
 *fill*         0x0800ac4c        0x4 
 .text._dtoa_r  0x0800ac50      0xe20 c:/ac6/systemworkbench/plugins/fr.ac6.mcu.externaltools.arm-none.win32_1.17.0.201812190825/tools/compiler/bin/../lib/gcc/arm-none-eabi/7.3.1/../../../../arm-none-eabi/lib/thumb/v7e-m/fpv4-sp/hard\libc.a(lib_a-dtoa.o)
                0x0800ac50                _dtoa_r
 .text.__libc_fini_array
                0x0800ba70       0x34 c:/ac6/systemworkbench/plugins/fr.ac6.mcu.externaltools.arm-none.win32_1.17.0.201812190825/tools/compiler/bin/../lib/gcc/arm-none-eabi/7.3.1/../../../../arm-none-eabi/lib/thumb/v7e-m/fpv4-sp/hard\libc.a(lib_a-fini.o)
                0x0800ba70                __libc_fini_array
 .text._malloc_trim_r
                0x0800baa4       0xa0 c:/ac6/systemworkbench/plugins/fr.ac6.mcu.externaltools.arm-none.win32_1.17.0.201812190825/tools/compiler/bin/../lib/gcc/arm-none-eabi/7.3.1/../../../../arm-none-eabi/lib/thumb/v7e-m/fpv4-sp/hard\libc.a(lib_a-freer.o)
                0x0800baa4                _malloc_trim_r
 .text._free_r  0x0800bb44      0x1e8 c:/ac6/systemworkbench/plugins/fr.ac6.mcu.externaltools.arm-none.win32_1.17.0.201812190825/tools/compiler/bin/../lib/gcc/arm-none-eabi/7.3.1/../../../../arm-none-eabi/lib/thumb/v7e-m/fpv4-sp/hard\libc.a(lib_a-freer.o)
                0x0800bb44                _free_r
 .text.iswspace
                0x0800bd2c       0x1c c:/ac6/systemworkbench/plugins/fr.ac6.mcu.externaltools.arm-none.win32_1.17.0.201812190825/tools/compiler/bin/../lib/gcc/arm-none-eabi/7.3.1/../../../../arm-none-eabi/lib/thumb/v7e-m/fpv4-sp/hard\libc.a(lib_a-iswspace.o)
                0x0800bd2c                iswspace
 .text.__localeconv_l
                0x0800bd48        0x4 c:/ac6/systemworkbench/plugins/fr.ac6.mcu.externaltools.arm-none.win32_1.17.0.201812190825/tools/compiler/bin/../lib/gcc/arm-none-eabi/7.3.1/../../../../arm-none-eabi/lib/thumb/v7e-m/fpv4-sp/hard\libc.a(lib_a-localeconv.o)
                0x0800bd48                __localeconv_l
 .text._localeconv_r
                0x0800bd4c       0x1c c:/ac6/systemworkbench/plugins/fr.ac6.mcu.externaltools.arm-none.win32_1.17.0.201812190825/tools/compiler/bin/../lib/gcc/arm-none-eabi/7.3.1/../../../../arm-none-eabi/lib/thumb/v7e-m/fpv4-sp/hard\libc.a(lib_a-localeconv.o)
                0x0800bd4c                _localeconv_r
 .text.__retarget_lock_acquire_recursive
                0x0800bd68        0x4 c:/ac6/systemworkbench/plugins/fr.ac6.mcu.externaltools.arm-none.win32_1.17.0.201812190825/tools/compiler/bin/../lib/gcc/arm-none-eabi/7.3.1/../../../../arm-none-eabi/lib/thumb/v7e-m/fpv4-sp/hard\libc.a(lib_a-lock.o)
                0x0800bd68                __retarget_lock_acquire_recursive
 .text.__retarget_lock_release_recursive
                0x0800bd6c        0x4 c:/ac6/systemworkbench/plugins/fr.ac6.mcu.externaltools.arm-none.win32_1.17.0.201812190825/tools/compiler/bin/../lib/gcc/arm-none-eabi/7.3.1/../../../../arm-none-eabi/lib/thumb/v7e-m/fpv4-sp/hard\libc.a(lib_a-lock.o)
                0x0800bd6c                __retarget_lock_release_recursive
 .text._mbrtowc_r
                0x0800bd70       0x5c c:/ac6/systemworkbench/plugins/fr.ac6.mcu.externaltools.arm-none.win32_1.17.0.201812190825/tools/compiler/bin/../lib/gcc/arm-none-eabi/7.3.1/../../../../arm-none-eabi/lib/thumb/v7e-m/fpv4-sp/hard\libc.a(lib_a-mbrtowc.o)
                0x0800bd70                _mbrtowc_r
 .text._Balloc  0x0800bdcc       0x4c c:/ac6/systemworkbench/plugins/fr.ac6.mcu.externaltools.arm-none.win32_1.17.0.201812190825/tools/compiler/bin/../lib/gcc/arm-none-eabi/7.3.1/../../../../arm-none-eabi/lib/thumb/v7e-m/fpv4-sp/hard\libc.a(lib_a-mprec.o)
                0x0800bdcc                _Balloc
 .text._Bfree   0x0800be18       0x14 c:/ac6/systemworkbench/plugins/fr.ac6.mcu.externaltools.arm-none.win32_1.17.0.201812190825/tools/compiler/bin/../lib/gcc/arm-none-eabi/7.3.1/../../../../arm-none-eabi/lib/thumb/v7e-m/fpv4-sp/hard\libc.a(lib_a-mprec.o)
                0x0800be18                _Bfree
 .text.__multadd
                0x0800be2c       0x80 c:/ac6/systemworkbench/plugins/fr.ac6.mcu.externaltools.arm-none.win32_1.17.0.201812190825/tools/compiler/bin/../lib/gcc/arm-none-eabi/7.3.1/../../../../arm-none-eabi/lib/thumb/v7e-m/fpv4-sp/hard\libc.a(lib_a-mprec.o)
                0x0800be2c                __multadd
 .text.__s2b    0x0800beac       0x98 c:/ac6/systemworkbench/plugins/fr.ac6.mcu.externaltools.arm-none.win32_1.17.0.201812190825/tools/compiler/bin/../lib/gcc/arm-none-eabi/7.3.1/../../../../arm-none-eabi/lib/thumb/v7e-m/fpv4-sp/hard\libc.a(lib_a-mprec.o)
                0x0800beac                __s2b
 .text.__hi0bits
                0x0800bf44       0x40 c:/ac6/systemworkbench/plugins/fr.ac6.mcu.externaltools.arm-none.win32_1.17.0.201812190825/tools/compiler/bin/../lib/gcc/arm-none-eabi/7.3.1/../../../../arm-none-eabi/lib/thumb/v7e-m/fpv4-sp/hard\libc.a(lib_a-mprec.o)
                0x0800bf44                __hi0bits
 .text.__lo0bits
                0x0800bf84       0x60 c:/ac6/systemworkbench/plugins/fr.ac6.mcu.externaltools.arm-none.win32_1.17.0.201812190825/tools/compiler/bin/../lib/gcc/arm-none-eabi/7.3.1/../../../../arm-none-eabi/lib/thumb/v7e-m/fpv4-sp/hard\libc.a(lib_a-mprec.o)
                0x0800bf84                __lo0bits
 .text.__i2b    0x0800bfe4       0x14 c:/ac6/systemworkbench/plugins/fr.ac6.mcu.externaltools.arm-none.win32_1.17.0.201812190825/tools/compiler/bin/../lib/gcc/arm-none-eabi/7.3.1/../../../../arm-none-eabi/lib/thumb/v7e-m/fpv4-sp/hard\libc.a(lib_a-mprec.o)
                0x0800bfe4                __i2b
 .text.__multiply
                0x0800bff8      0x14c c:/ac6/systemworkbench/plugins/fr.ac6.mcu.externaltools.arm-none.win32_1.17.0.201812190825/tools/compiler/bin/../lib/gcc/arm-none-eabi/7.3.1/../../../../arm-none-eabi/lib/thumb/v7e-m/fpv4-sp/hard\libc.a(lib_a-mprec.o)
                0x0800bff8                __multiply
 .text.__pow5mult
                0x0800c144       0xa0 c:/ac6/systemworkbench/plugins/fr.ac6.mcu.externaltools.arm-none.win32_1.17.0.201812190825/tools/compiler/bin/../lib/gcc/arm-none-eabi/7.3.1/../../../../arm-none-eabi/lib/thumb/v7e-m/fpv4-sp/hard\libc.a(lib_a-mprec.o)
                0x0800c144                __pow5mult
 .text.__lshift
                0x0800c1e4       0xac c:/ac6/systemworkbench/plugins/fr.ac6.mcu.externaltools.arm-none.win32_1.17.0.201812190825/tools/compiler/bin/../lib/gcc/arm-none-eabi/7.3.1/../../../../arm-none-eabi/lib/thumb/v7e-m/fpv4-sp/hard\libc.a(lib_a-mprec.o)
                0x0800c1e4                __lshift
 .text.__mcmp   0x0800c290       0x38 c:/ac6/systemworkbench/plugins/fr.ac6.mcu.externaltools.arm-none.win32_1.17.0.201812190825/tools/compiler/bin/../lib/gcc/arm-none-eabi/7.3.1/../../../../arm-none-eabi/lib/thumb/v7e-m/fpv4-sp/hard\libc.a(lib_a-mprec.o)
                0x0800c290                __mcmp
 .text.__mdiff  0x0800c2c8       0xec c:/ac6/systemworkbench/plugins/fr.ac6.mcu.externaltools.arm-none.win32_1.17.0.201812190825/tools/compiler/bin/../lib/gcc/arm-none-eabi/7.3.1/../../../../arm-none-eabi/lib/thumb/v7e-m/fpv4-sp/hard\libc.a(lib_a-mprec.o)
                0x0800c2c8                __mdiff
 .text.__ulp    0x0800c3b4       0x54 c:/ac6/systemworkbench/plugins/fr.ac6.mcu.externaltools.arm-none.win32_1.17.0.201812190825/tools/compiler/bin/../lib/gcc/arm-none-eabi/7.3.1/../../../../arm-none-eabi/lib/thumb/v7e-m/fpv4-sp/hard\libc.a(lib_a-mprec.o)
                0x0800c3b4                __ulp
 .text.__b2d    0x0800c408       0xbc c:/ac6/systemworkbench/plugins/fr.ac6.mcu.externaltools.arm-none.win32_1.17.0.201812190825/tools/compiler/bin/../lib/gcc/arm-none-eabi/7.3.1/../../../../arm-none-eabi/lib/thumb/v7e-m/fpv4-sp/hard\libc.a(lib_a-mprec.o)
                0x0800c408                __b2d
 .text.__d2b    0x0800c4c4       0xc4 c:/ac6/systemworkbench/plugins/fr.ac6.mcu.externaltools.arm-none.win32_1.17.0.201812190825/tools/compiler/bin/../lib/gcc/arm-none-eabi/7.3.1/../../../../arm-none-eabi/lib/thumb/v7e-m/fpv4-sp/hard\libc.a(lib_a-mprec.o)
                0x0800c4c4                __d2b
 .text.__ratio  0x0800c588       0x60 c:/ac6/systemworkbench/plugins/fr.ac6.mcu.externaltools.arm-none.win32_1.17.0.201812190825/tools/compiler/bin/../lib/gcc/arm-none-eabi/7.3.1/../../../../arm-none-eabi/lib/thumb/v7e-m/fpv4-sp/hard\libc.a(lib_a-mprec.o)
                0x0800c588                __ratio
 .text.__copybits
                0x0800c5e8       0x48 c:/ac6/systemworkbench/plugins/fr.ac6.mcu.externaltools.arm-none.win32_1.17.0.201812190825/tools/compiler/bin/../lib/gcc/arm-none-eabi/7.3.1/../../../../arm-none-eabi/lib/thumb/v7e-m/fpv4-sp/hard\libc.a(lib_a-mprec.o)
                0x0800c5e8                __copybits
 .text.__any_on
                0x0800c630       0x58 c:/ac6/systemworkbench/plugins/fr.ac6.mcu.externaltools.arm-none.win32_1.17.0.201812190825/tools/compiler/bin/../lib/gcc/arm-none-eabi/7.3.1/../../../../arm-none-eabi/lib/thumb/v7e-m/fpv4-sp/hard\libc.a(lib_a-mprec.o)
                0x0800c630                __any_on
 .text.realloc  0x0800c688       0x10 c:/ac6/systemworkbench/plugins/fr.ac6.mcu.externaltools.arm-none.win32_1.17.0.201812190825/tools/compiler/bin/../lib/gcc/arm-none-eabi/7.3.1/../../../../arm-none-eabi/lib/thumb/v7e-m/fpv4-sp/hard\libc.a(lib_a-realloc.o)
                0x0800c688                realloc
 .text._realloc_r
                0x0800c698      0x35c c:/ac6/systemworkbench/plugins/fr.ac6.mcu.externaltools.arm-none.win32_1.17.0.201812190825/tools/compiler/bin/../lib/gcc/arm-none-eabi/7.3.1/../../../../arm-none-eabi/lib/thumb/v7e-m/fpv4-sp/hard\libc.a(lib_a-reallocr.o)
                0x0800c698                _realloc_r
 .text.frexp    0x0800c9f4       0x68 c:/ac6/systemworkbench/plugins/fr.ac6.mcu.externaltools.arm-none.win32_1.17.0.201812190825/tools/compiler/bin/../lib/gcc/arm-none-eabi/7.3.1/../../../../arm-none-eabi/lib/thumb/v7e-m/fpv4-sp/hard\libc.a(lib_a-s_frexp.o)
                0x0800c9f4                frexp
 .text.__sccl   0x0800ca5c       0x70 c:/ac6/systemworkbench/plugins/fr.ac6.mcu.externaltools.arm-none.win32_1.17.0.201812190825/tools/compiler/bin/../lib/gcc/arm-none-eabi/7.3.1/../../../../arm-none-eabi/lib/thumb/v7e-m/fpv4-sp/hard\libc.a(lib_a-sccl.o)
                0x0800ca5c                __sccl
 .text.nanf     0x0800cacc        0xc c:/ac6/systemworkbench/plugins/fr.ac6.mcu.externaltools.arm-none.win32_1.17.0.201812190825/tools/compiler/bin/../lib/gcc/arm-none-eabi/7.3.1/../../../../arm-none-eabi/lib/thumb/v7e-m/fpv4-sp/hard\libc.a(lib_a-sf_nan.o)
                0x0800cacc                nanf
 .text.strncpy  0x0800cad8       0x64 c:/ac6/systemworkbench/plugins/fr.ac6.mcu.externaltools.arm-none.win32_1.17.0.201812190825/tools/compiler/bin/../lib/gcc/arm-none-eabi/7.3.1/../../../../arm-none-eabi/lib/thumb/v7e-m/fpv4-sp/hard\libc.a(lib_a-strncpy.o)
                0x0800cad8                strncpy
 .text.unlikely.sulp
                0x0800cb3c       0x38 c:/ac6/systemworkbench/plugins/fr.ac6.mcu.externaltools.arm-none.win32_1.17.0.201812190825/tools/compiler/bin/../lib/gcc/arm-none-eabi/7.3.1/../../../../arm-none-eabi/lib/thumb/v7e-m/fpv4-sp/hard\libc.a(lib_a-strtod.o)
 *fill*         0x0800cb74        0x4 
 .text._strtod_l
                0x0800cb78      0xf1c c:/ac6/systemworkbench/plugins/fr.ac6.mcu.externaltools.arm-none.win32_1.17.0.201812190825/tools/compiler/bin/../lib/gcc/arm-none-eabi/7.3.1/../../../../arm-none-eabi/lib/thumb/v7e-m/fpv4-sp/hard\libc.a(lib_a-strtod.o)
                0x0800cb78                _strtod_l
 .text._strtod_r
                0x0800da94       0x20 c:/ac6/systemworkbench/plugins/fr.ac6.mcu.externaltools.arm-none.win32_1.17.0.201812190825/tools/compiler/bin/../lib/gcc/arm-none-eabi/7.3.1/../../../../arm-none-eabi/lib/thumb/v7e-m/fpv4-sp/hard\libc.a(lib_a-strtod.o)
                0x0800da94                _strtod_r
 .text._strtoll_l.isra.0
                0x0800dab4      0x19c c:/ac6/systemworkbench/plugins/fr.ac6.mcu.externaltools.arm-none.win32_1.17.0.201812190825/tools/compiler/bin/../lib/gcc/arm-none-eabi/7.3.1/../../../../arm-none-eabi/lib/thumb/v7e-m/fpv4-sp/hard\libc.a(lib_a-strtoll.o)
 .text._strtoll_r
                0x0800dc50       0x24 c:/ac6/systemworkbench/plugins/fr.ac6.mcu.externaltools.arm-none.win32_1.17.0.201812190825/tools/compiler/bin/../lib/gcc/arm-none-eabi/7.3.1/../../../../arm-none-eabi/lib/thumb/v7e-m/fpv4-sp/hard\libc.a(lib_a-strtoll.o)
                0x0800dc50                _strtoll_r
 .text._strtoul_l.isra.0
                0x0800dc74      0x14c c:/ac6/systemworkbench/plugins/fr.ac6.mcu.externaltools.arm-none.win32_1.17.0.201812190825/tools/compiler/bin/../lib/gcc/arm-none-eabi/7.3.1/../../../../arm-none-eabi/lib/thumb/v7e-m/fpv4-sp/hard\libc.a(lib_a-strtoul.o)
 .text._strtoul_r
                0x0800ddc0       0x24 c:/ac6/systemworkbench/plugins/fr.ac6.mcu.externaltools.arm-none.win32_1.17.0.201812190825/tools/compiler/bin/../lib/gcc/arm-none-eabi/7.3.1/../../../../arm-none-eabi/lib/thumb/v7e-m/fpv4-sp/hard\libc.a(lib_a-strtoul.o)
                0x0800ddc0                _strtoul_r
 .text._strtoull_l.isra.0
                0x0800dde4      0x1cc c:/ac6/systemworkbench/plugins/fr.ac6.mcu.externaltools.arm-none.win32_1.17.0.201812190825/tools/compiler/bin/../lib/gcc/arm-none-eabi/7.3.1/../../../../arm-none-eabi/lib/thumb/v7e-m/fpv4-sp/hard\libc.a(lib_a-strtoull.o)
 .text._strtoull_r
                0x0800dfb0       0x24 c:/ac6/systemworkbench/plugins/fr.ac6.mcu.externaltools.arm-none.win32_1.17.0.201812190825/tools/compiler/bin/../lib/gcc/arm-none-eabi/7.3.1/../../../../arm-none-eabi/lib/thumb/v7e-m/fpv4-sp/hard\libc.a(lib_a-strtoull.o)
                0x0800dfb0                _strtoull_r
 .text.__ssprint_r
                0x0800dfd4       0xf4 c:/ac6/systemworkbench/plugins/fr.ac6.mcu.externaltools.arm-none.win32_1.17.0.201812190825/tools/compiler/bin/../lib/gcc/arm-none-eabi/7.3.1/../../../../arm-none-eabi/lib/thumb/v7e-m/fpv4-sp/hard\libc.a(lib_a-svfiprintf.o)
                0x0800dfd4                __ssprint_r
 .text._sungetc_r
                0x0800e0c8       0x7c c:/ac6/systemworkbench/plugins/fr.ac6.mcu.externaltools.arm-none.win32_1.17.0.201812190825/tools/compiler/bin/../lib/gcc/arm-none-eabi/7.3.1/../../../../arm-none-eabi/lib/thumb/v7e-m/fpv4-sp/hard\libc.a(lib_a-svfiscanf.o)
                0x0800e0c8                _sungetc_r
 .text.__ssrefill_r
                0x0800e144       0x3c c:/ac6/systemworkbench/plugins/fr.ac6.mcu.externaltools.arm-none.win32_1.17.0.201812190825/tools/compiler/bin/../lib/gcc/arm-none-eabi/7.3.1/../../../../arm-none-eabi/lib/thumb/v7e-m/fpv4-sp/hard\libc.a(lib_a-svfiscanf.o)
                0x0800e144                __ssrefill_r
 .text._sfread_r
                0x0800e180       0x78 c:/ac6/systemworkbench/plugins/fr.ac6.mcu.externaltools.arm-none.win32_1.17.0.201812190825/tools/compiler/bin/../lib/gcc/arm-none-eabi/7.3.1/../../../../arm-none-eabi/lib/thumb/v7e-m/fpv4-sp/hard\libc.a(lib_a-svfiscanf.o)
                0x0800e180                _sfread_r
 .text.__submore
                0x0800e1f8       0x78 c:/ac6/systemworkbench/plugins/fr.ac6.mcu.externaltools.arm-none.win32_1.17.0.201812190825/tools/compiler/bin/../lib/gcc/arm-none-eabi/7.3.1/../../../../arm-none-eabi/lib/thumb/v7e-m/fpv4-sp/hard\libc.a(lib_a-ungetc.o)
                0x0800e1f8                __submore
 .text.__register_exitproc
                0x0800e270       0xc0 c:/ac6/systemworkbench/plugins/fr.ac6.mcu.externaltools.arm-none.win32_1.17.0.201812190825/tools/compiler/bin/../lib/gcc/arm-none-eabi/7.3.1/../../../../arm-none-eabi/lib/thumb/v7e-m/fpv4-sp/hard\libc.a(lib_a-__atexit.o)
                0x0800e270                __register_exitproc
 .text._calloc_r
                0x0800e330       0x68 c:/ac6/systemworkbench/plugins/fr.ac6.mcu.externaltools.arm-none.win32_1.17.0.201812190825/tools/compiler/bin/../lib/gcc/arm-none-eabi/7.3.1/../../../../arm-none-eabi/lib/thumb/v7e-m/fpv4-sp/hard\libc.a(lib_a-callocr.o)
                0x0800e330                _calloc_r
 .text.rshift   0x0800e398       0xb0 c:/ac6/systemworkbench/plugins/fr.ac6.mcu.externaltools.arm-none.win32_1.17.0.201812190825/tools/compiler/bin/../lib/gcc/arm-none-eabi/7.3.1/../../../../arm-none-eabi/lib/thumb/v7e-m/fpv4-sp/hard\libc.a(lib_a-gdtoa-gethex.o)
 .text.__gethex
                0x0800e448      0x520 c:/ac6/systemworkbench/plugins/fr.ac6.mcu.externaltools.arm-none.win32_1.17.0.201812190825/tools/compiler/bin/../lib/gcc/arm-none-eabi/7.3.1/../../../../arm-none-eabi/lib/thumb/v7e-m/fpv4-sp/hard\libc.a(lib_a-gdtoa-gethex.o)
                0x0800e448                __gethex
 .text.__match  0x0800e968       0x30 c:/ac6/systemworkbench/plugins/fr.ac6.mcu.externaltools.arm-none.win32_1.17.0.201812190825/tools/compiler/bin/../lib/gcc/arm-none-eabi/7.3.1/../../../../arm-none-eabi/lib/thumb/v7e-m/fpv4-sp/hard\libc.a(lib_a-gdtoa-hexnan.o)
                0x0800e968                __match
 .text.__hexnan
                0x0800e998      0x1a0 c:/ac6/systemworkbench/plugins/fr.ac6.mcu.externaltools.arm-none.win32_1.17.0.201812190825/tools/compiler/bin/../lib/gcc/arm-none-eabi/7.3.1/../../../../arm-none-eabi/lib/thumb/v7e-m/fpv4-sp/hard\libc.a(lib_a-gdtoa-hexnan.o)
                0x0800e998                __hexnan
 .text.memmove  0x0800eb38       0xc8 c:/ac6/systemworkbench/plugins/fr.ac6.mcu.externaltools.arm-none.win32_1.17.0.201812190825/tools/compiler/bin/../lib/gcc/arm-none-eabi/7.3.1/../../../../arm-none-eabi/lib/thumb/v7e-m/fpv4-sp/hard\libc.a(lib_a-memmove.o)
                0x0800eb38                memmove
 .text.strncmp  0x0800ec00       0x98 c:/ac6/systemworkbench/plugins/fr.ac6.mcu.externaltools.arm-none.win32_1.17.0.201812190825/tools/compiler/bin/../lib/gcc/arm-none-eabi/7.3.1/../../../../arm-none-eabi/lib/thumb/v7e-m/fpv4-sp/hard\libc.a(lib_a-strncmp.o)
                0x0800ec00                strncmp
 *(.glue_7)
 .glue_7        0x0800ec98        0x0 linker stubs
 *(.glue_7t)
 .glue_7t       0x0800ec98        0x0 linker stubs
 *(.eh_frame)
 .eh_frame      0x0800ec98        0x0 c:/ac6/systemworkbench/plugins/fr.ac6.mcu.externaltools.arm-none.win32_1.17.0.201812190825/tools/compiler/bin/../lib/gcc/arm-none-eabi/7.3.1/thumb/v7e-m/fpv4-sp/hard/crtbegin.o
 *(.init)
 .init          0x0800ec98        0x4 c:/ac6/systemworkbench/plugins/fr.ac6.mcu.externaltools.arm-none.win32_1.17.0.201812190825/tools/compiler/bin/../lib/gcc/arm-none-eabi/7.3.1/thumb/v7e-m/fpv4-sp/hard/crti.o
                0x0800ec98                _init
 .init          0x0800ec9c        0x8 c:/ac6/systemworkbench/plugins/fr.ac6.mcu.externaltools.arm-none.win32_1.17.0.201812190825/tools/compiler/bin/../lib/gcc/arm-none-eabi/7.3.1/thumb/v7e-m/fpv4-sp/hard/crtn.o
 *(.fini)
 .fini          0x0800eca4        0x4 c:/ac6/systemworkbench/plugins/fr.ac6.mcu.externaltools.arm-none.win32_1.17.0.201812190825/tools/compiler/bin/../lib/gcc/arm-none-eabi/7.3.1/thumb/v7e-m/fpv4-sp/hard/crti.o
                0x0800eca4                _fini
 .fini          0x0800eca8        0x8 c:/ac6/systemworkbench/plugins/fr.ac6.mcu.externaltools.arm-none.win32_1.17.0.201812190825/tools/compiler/bin/../lib/gcc/arm-none-eabi/7.3.1/thumb/v7e-m/fpv4-sp/hard/crtn.o
                0x0800ecb0                . = ALIGN (0x4)
                0x0800ecb0                _etext = .

.vfp11_veneer   0x0800ecb0        0x0
 .vfp11_veneer  0x0800ecb0        0x0 linker stubs

.v4_bx          0x0800ecb0        0x0
 .v4_bx         0x0800ecb0        0x0 linker stubs

.iplt           0x0800ecb0        0x0
 .iplt          0x0800ecb0        0x0 c:/ac6/systemworkbench/plugins/fr.ac6.mcu.externaltools.arm-none.win32_1.17.0.201812190825/tools/compiler/bin/../lib/gcc/arm-none-eabi/7.3.1/thumb/v7e-m/fpv4-sp/hard/crtbegin.o

.rodata         0x0800ecb0      0x708
                0x0800ecb0                . = ALIGN (0x4)
 *(.rodata)
 .rodata        0x0800ecb0        0x2 src/CE_SD_card_control.o
 *fill*         0x0800ecb2        0x2 
 .rodata        0x0800ecb4      0x16d src/MENU.o
 *fill*         0x0800ee21        0x3 
 .rodata        0x0800ee24      0x16a src/ff.o
 *fill*         0x0800ef8e        0x2 
 .rodata        0x0800ef90       0x10 src/teclado.o
 *(.rodata*)
 .rodata._global_impure_ptr
                0x0800efa0        0x4 c:/ac6/systemworkbench/plugins/fr.ac6.mcu.externaltools.arm-none.win32_1.17.0.201812190825/tools/compiler/bin/../lib/gcc/arm-none-eabi/7.3.1/../../../../arm-none-eabi/lib/thumb/v7e-m/fpv4-sp/hard\libc.a(lib_a-impure.o)
                0x0800efa0                _global_impure_ptr
 .rodata._setlocale_r.str1.4
                0x0800efa4        0xa c:/ac6/systemworkbench/plugins/fr.ac6.mcu.externaltools.arm-none.win32_1.17.0.201812190825/tools/compiler/bin/../lib/gcc/arm-none-eabi/7.3.1/../../../../arm-none-eabi/lib/thumb/v7e-m/fpv4-sp/hard\libc.a(lib_a-locale.o)
                                  0xd (size before relaxing)
 *fill*         0x0800efae        0x2 
 .rodata.str1.4
                0x0800efb0        0x2 c:/ac6/systemworkbench/plugins/fr.ac6.mcu.externaltools.arm-none.win32_1.17.0.201812190825/tools/compiler/bin/../lib/gcc/arm-none-eabi/7.3.1/../../../../arm-none-eabi/lib/thumb/v7e-m/fpv4-sp/hard\libc.a(lib_a-locale.o)
 *fill*         0x0800efb2        0x2 
 .rodata._svfprintf_r.str1.4
                0x0800efb4       0x42 c:/ac6/systemworkbench/plugins/fr.ac6.mcu.externaltools.arm-none.win32_1.17.0.201812190825/tools/compiler/bin/../lib/gcc/arm-none-eabi/7.3.1/../../../../arm-none-eabi/lib/thumb/v7e-m/fpv4-sp/hard\libc.a(lib_a-svfprintf.o)
 *fill*         0x0800eff6        0x2 
 .rodata.blanks.8590
                0x0800eff8       0x10 c:/ac6/systemworkbench/plugins/fr.ac6.mcu.externaltools.arm-none.win32_1.17.0.201812190825/tools/compiler/bin/../lib/gcc/arm-none-eabi/7.3.1/../../../../arm-none-eabi/lib/thumb/v7e-m/fpv4-sp/hard\libc.a(lib_a-svfprintf.o)
 .rodata.zeroes.8591
                0x0800f008       0x10 c:/ac6/systemworkbench/plugins/fr.ac6.mcu.externaltools.arm-none.win32_1.17.0.201812190825/tools/compiler/bin/../lib/gcc/arm-none-eabi/7.3.1/../../../../arm-none-eabi/lib/thumb/v7e-m/fpv4-sp/hard\libc.a(lib_a-svfprintf.o)
 .rodata.__ssvfscanf_r.str1.4
                0x0800f018        0x5 c:/ac6/systemworkbench/plugins/fr.ac6.mcu.externaltools.arm-none.win32_1.17.0.201812190825/tools/compiler/bin/../lib/gcc/arm-none-eabi/7.3.1/../../../../arm-none-eabi/lib/thumb/v7e-m/fpv4-sp/hard\libc.a(lib_a-svfscanf.o)
 *fill*         0x0800f01d        0x3 
 .rodata.basefix.8667
                0x0800f020       0x22 c:/ac6/systemworkbench/plugins/fr.ac6.mcu.externaltools.arm-none.win32_1.17.0.201812190825/tools/compiler/bin/../lib/gcc/arm-none-eabi/7.3.1/../../../../arm-none-eabi/lib/thumb/v7e-m/fpv4-sp/hard\libc.a(lib_a-svfscanf.o)
 *fill*         0x0800f042        0x2 
 .rodata._ctype_
                0x0800f044      0x101 c:/ac6/systemworkbench/plugins/fr.ac6.mcu.externaltools.arm-none.win32_1.17.0.201812190825/tools/compiler/bin/../lib/gcc/arm-none-eabi/7.3.1/../../../../arm-none-eabi/lib/thumb/v7e-m/fpv4-sp/hard\libc.a(lib_a-ctype_.o)
                0x0800f044                _ctype_
 *fill*         0x0800f145        0x3 
 .rodata._dtoa_r.str1.4
                0x0800f148       0x10 c:/ac6/systemworkbench/plugins/fr.ac6.mcu.externaltools.arm-none.win32_1.17.0.201812190825/tools/compiler/bin/../lib/gcc/arm-none-eabi/7.3.1/../../../../arm-none-eabi/lib/thumb/v7e-m/fpv4-sp/hard\libc.a(lib_a-dtoa.o)
                                 0x12 (size before relaxing)
 .rodata._mbrtowc_r.str1.4
                0x0800f158        0x1 c:/ac6/systemworkbench/plugins/fr.ac6.mcu.externaltools.arm-none.win32_1.17.0.201812190825/tools/compiler/bin/../lib/gcc/arm-none-eabi/7.3.1/../../../../arm-none-eabi/lib/thumb/v7e-m/fpv4-sp/hard\libc.a(lib_a-mbrtowc.o)
 .rodata.__mprec_bigtens
                0x0800f158       0x28 c:/ac6/systemworkbench/plugins/fr.ac6.mcu.externaltools.arm-none.win32_1.17.0.201812190825/tools/compiler/bin/../lib/gcc/arm-none-eabi/7.3.1/../../../../arm-none-eabi/lib/thumb/v7e-m/fpv4-sp/hard\libc.a(lib_a-mprec.o)
                0x0800f158                __mprec_bigtens
 .rodata.__mprec_tens
                0x0800f180       0xc8 c:/ac6/systemworkbench/plugins/fr.ac6.mcu.externaltools.arm-none.win32_1.17.0.201812190825/tools/compiler/bin/../lib/gcc/arm-none-eabi/7.3.1/../../../../arm-none-eabi/lib/thumb/v7e-m/fpv4-sp/hard\libc.a(lib_a-mprec.o)
                0x0800f180                __mprec_tens
 .rodata.p05.7367
                0x0800f248        0xc c:/ac6/systemworkbench/plugins/fr.ac6.mcu.externaltools.arm-none.win32_1.17.0.201812190825/tools/compiler/bin/../lib/gcc/arm-none-eabi/7.3.1/../../../../arm-none-eabi/lib/thumb/v7e-m/fpv4-sp/hard\libc.a(lib_a-mprec.o)
 .rodata._strtod_l.str1.4
                0x0800f254       0x10 c:/ac6/systemworkbench/plugins/fr.ac6.mcu.externaltools.arm-none.win32_1.17.0.201812190825/tools/compiler/bin/../lib/gcc/arm-none-eabi/7.3.1/../../../../arm-none-eabi/lib/thumb/v7e-m/fpv4-sp/hard\libc.a(lib_a-strtod.o)
                                  0xf (size before relaxing)
 .rodata.fpi.7447
                0x0800f264       0x14 c:/ac6/systemworkbench/plugins/fr.ac6.mcu.externaltools.arm-none.win32_1.17.0.201812190825/tools/compiler/bin/../lib/gcc/arm-none-eabi/7.3.1/../../../../arm-none-eabi/lib/thumb/v7e-m/fpv4-sp/hard\libc.a(lib_a-strtod.o)
 .rodata.fpinan.7483
                0x0800f278       0x14 c:/ac6/systemworkbench/plugins/fr.ac6.mcu.externaltools.arm-none.win32_1.17.0.201812190825/tools/compiler/bin/../lib/gcc/arm-none-eabi/7.3.1/../../../../arm-none-eabi/lib/thumb/v7e-m/fpv4-sp/hard\libc.a(lib_a-strtod.o)
 *fill*         0x0800f28c        0x4 
 .rodata.tinytens
                0x0800f290       0x28 c:/ac6/systemworkbench/plugins/fr.ac6.mcu.externaltools.arm-none.win32_1.17.0.201812190825/tools/compiler/bin/../lib/gcc/arm-none-eabi/7.3.1/../../../../arm-none-eabi/lib/thumb/v7e-m/fpv4-sp/hard\libc.a(lib_a-strtod.o)
 .rodata.__hexdig
                0x0800f2b8      0x100 c:/ac6/systemworkbench/plugins/fr.ac6.mcu.externaltools.arm-none.win32_1.17.0.201812190825/tools/compiler/bin/../lib/gcc/arm-none-eabi/7.3.1/../../../../arm-none-eabi/lib/thumb/v7e-m/fpv4-sp/hard\libc.a(lib_a-gdtoa-gethex.o)
                0x0800f2b8                __hexdig
                0x0800f3b8                . = ALIGN (0x4)

.ARM.extab      0x0800f3b8        0x0
                0x0800f3b8                . = ALIGN (0x4)
 *(.ARM.extab* .gnu.linkonce.armextab.*)
                0x0800f3b8                . = ALIGN (0x4)

.ARM            0x0800f3b8        0x8
                0x0800f3b8                . = ALIGN (0x4)
                0x0800f3b8                __exidx_start = .
 *(.ARM.exidx*)
 .ARM.exidx     0x0800f3b8        0x8 c:/ac6/systemworkbench/plugins/fr.ac6.mcu.externaltools.arm-none.win32_1.17.0.201812190825/tools/compiler/bin/../lib/gcc/arm-none-eabi/7.3.1/thumb/v7e-m/fpv4-sp/hard\libgcc.a(_udivmoddi4.o)
                0x0800f3c0                __exidx_end = .
                0x0800f3c0                . = ALIGN (0x4)

.rel.dyn        0x0800f3c0        0x0
 .rel.iplt      0x0800f3c0        0x0 c:/ac6/systemworkbench/plugins/fr.ac6.mcu.externaltools.arm-none.win32_1.17.0.201812190825/tools/compiler/bin/../lib/gcc/arm-none-eabi/7.3.1/thumb/v7e-m/fpv4-sp/hard/crtbegin.o

.preinit_array  0x0800f3c0        0x0
                0x0800f3c0                . = ALIGN (0x4)
                0x0800f3c0                PROVIDE (__preinit_array_start = .)
 *(.preinit_array*)
                0x0800f3c0                PROVIDE (__preinit_array_end = .)
                0x0800f3c0                . = ALIGN (0x4)

.init_array     0x0800f3c0        0x8
                0x0800f3c0                . = ALIGN (0x4)
                0x0800f3c0                PROVIDE (__init_array_start = .)
 *(SORT_BY_NAME(.init_array.*))
 .init_array.00000
                0x0800f3c0        0x4 c:/ac6/systemworkbench/plugins/fr.ac6.mcu.externaltools.arm-none.win32_1.17.0.201812190825/tools/compiler/bin/../lib/gcc/arm-none-eabi/7.3.1/../../../../arm-none-eabi/lib/thumb/v7e-m/fpv4-sp/hard\libc.a(lib_a-__call_atexit.o)
 *(.init_array*)
 .init_array    0x0800f3c4        0x4 c:/ac6/systemworkbench/plugins/fr.ac6.mcu.externaltools.arm-none.win32_1.17.0.201812190825/tools/compiler/bin/../lib/gcc/arm-none-eabi/7.3.1/thumb/v7e-m/fpv4-sp/hard/crtbegin.o
                0x0800f3c8                PROVIDE (__init_array_end = .)
                0x0800f3c8                . = ALIGN (0x4)

.fini_array     0x0800f3c8        0x4
                0x0800f3c8                . = ALIGN (0x4)
                0x0800f3c8                PROVIDE (__fini_array_start = .)
 *(SORT_BY_NAME(.fini_array.*))
 *(.fini_array*)
 .fini_array    0x0800f3c8        0x4 c:/ac6/systemworkbench/plugins/fr.ac6.mcu.externaltools.arm-none.win32_1.17.0.201812190825/tools/compiler/bin/../lib/gcc/arm-none-eabi/7.3.1/thumb/v7e-m/fpv4-sp/hard/crtbegin.o
                0x0800f3cc                PROVIDE (__fini_array_end = .)
                0x0800f3cc                . = ALIGN (0x4)
                0x0800f3cc                _sidata = LOADADDR (.data)

.data           0x20000000      0xb60 load address 0x0800f3cc
                0x20000000                . = ALIGN (0x4)
                0x20000000                _sdata = .
 *(.data)
 .data          0x20000000       0x10 StdPeriph_Driver/src/stm32f4xx_rcc.o
 .data          0x20000010       0x24 src/MENU.o
                0x20000010                card
                0x2000001c                charestudio
                0x20000020                chardescanso
                0x20000024                estudio
                0x20000028                estudioaux
                0x2000002c                descanso
                0x20000030                descansoaux
 .data          0x20000034       0xb4 src/diskio.o
                0x20000034                FATFS_LowLevelDrivers
 .data          0x200000e8        0x1 src/fatfs_sd.o
 *fill*         0x200000e9        0x3 
 .data          0x200000ec        0x9 src/main_v1.o
                0x200000ec                BaudRate
                0x200000f0                Text_opciones
 *fill*         0x200000f5        0x3 
 .data          0x200000f8       0x78 src/stm32_ub_lcd_2x16.o
                0x200000f8                LCD_2X16
 .data          0x20000170       0x14 src/system_stm32f4xx.o
                0x20000170                SystemCoreClock
                0x20000174                AHBPrescTable
 .data          0x20000184       0x30 src/teclado.o
                0x20000184                PIN_TECLADO_COL
                0x2000018c                PORT_TECLADO_COL
                0x2000019c                PIN_TECLADO_FIL
                0x200001a4                PORT_TECLADO_FIL
 *(.data*)
 .data._impure_ptr
                0x200001b4        0x4 c:/ac6/systemworkbench/plugins/fr.ac6.mcu.externaltools.arm-none.win32_1.17.0.201812190825/tools/compiler/bin/../lib/gcc/arm-none-eabi/7.3.1/../../../../arm-none-eabi/lib/thumb/v7e-m/fpv4-sp/hard\libc.a(lib_a-impure.o)
                0x200001b4                _impure_ptr
 .data.impure_data
                0x200001b8      0x428 c:/ac6/systemworkbench/plugins/fr.ac6.mcu.externaltools.arm-none.win32_1.17.0.201812190825/tools/compiler/bin/../lib/gcc/arm-none-eabi/7.3.1/../../../../arm-none-eabi/lib/thumb/v7e-m/fpv4-sp/hard\libc.a(lib_a-impure.o)
 .data.__global_locale
                0x200005e0      0x16c c:/ac6/systemworkbench/plugins/fr.ac6.mcu.externaltools.arm-none.win32_1.17.0.201812190825/tools/compiler/bin/../lib/gcc/arm-none-eabi/7.3.1/../../../../arm-none-eabi/lib/thumb/v7e-m/fpv4-sp/hard\libc.a(lib_a-locale.o)
                0x200005e0                __global_locale
 .data.__malloc_av_
                0x2000074c      0x408 c:/ac6/systemworkbench/plugins/fr.ac6.mcu.externaltools.arm-none.win32_1.17.0.201812190825/tools/compiler/bin/../lib/gcc/arm-none-eabi/7.3.1/../../../../arm-none-eabi/lib/thumb/v7e-m/fpv4-sp/hard\libc.a(lib_a-mallocr.o)
                0x2000074c                __malloc_av_
 .data.__malloc_sbrk_base
                0x20000b54        0x4 c:/ac6/systemworkbench/plugins/fr.ac6.mcu.externaltools.arm-none.win32_1.17.0.201812190825/tools/compiler/bin/../lib/gcc/arm-none-eabi/7.3.1/../../../../arm-none-eabi/lib/thumb/v7e-m/fpv4-sp/hard\libc.a(lib_a-mallocr.o)
                0x20000b54                __malloc_sbrk_base
 .data.__malloc_trim_threshold
                0x20000b58        0x4 c:/ac6/systemworkbench/plugins/fr.ac6.mcu.externaltools.arm-none.win32_1.17.0.201812190825/tools/compiler/bin/../lib/gcc/arm-none-eabi/7.3.1/../../../../arm-none-eabi/lib/thumb/v7e-m/fpv4-sp/hard\libc.a(lib_a-mallocr.o)
                0x20000b58                __malloc_trim_threshold
 .data.__atexit_recursive_mutex
                0x20000b5c        0x4 c:/ac6/systemworkbench/plugins/fr.ac6.mcu.externaltools.arm-none.win32_1.17.0.201812190825/tools/compiler/bin/../lib/gcc/arm-none-eabi/7.3.1/../../../../arm-none-eabi/lib/thumb/v7e-m/fpv4-sp/hard\libc.a(lib_a-__call_atexit.o)
                0x20000b5c                __atexit_recursive_mutex
                0x20000b60                . = ALIGN (0x4)
                0x20000b60                _edata = .

.igot.plt       0x20000b60        0x0 load address 0x0800ff2c
 .igot.plt      0x20000b60        0x0 c:/ac6/systemworkbench/plugins/fr.ac6.mcu.externaltools.arm-none.win32_1.17.0.201812190825/tools/compiler/bin/../lib/gcc/arm-none-eabi/7.3.1/thumb/v7e-m/fpv4-sp/hard/crtbegin.o
                0x20000b60                . = ALIGN (0x4)

.bss            0x20000b60      0x348 load address 0x0800ff2c
                0x20000b60                _sbss = .
                0x20000b60                __bss_start__ = _sbss
 *(.bss)
 .bss           0x20000b60       0x1c c:/ac6/systemworkbench/plugins/fr.ac6.mcu.externaltools.arm-none.win32_1.17.0.201812190825/tools/compiler/bin/../lib/gcc/arm-none-eabi/7.3.1/thumb/v7e-m/fpv4-sp/hard/crtbegin.o
 .bss           0x20000b7c      0x238 src/CE_SD_card_control.o
                0x20000b7c                sd_mounted
                0x20000b80                FatFs
 .bss           0x20000db4        0x8 src/MENU.o
                0x20000db4                LocalSystick1
                0x20000db8                i
 .bss           0x20000dbc        0x1 src/fatfs_sd.o
 *fill*         0x20000dbd        0x3 
 .bss           0x20000dc0       0x27 src/ff.o
 *fill*         0x20000de7        0x1 
 .bss           0x20000de8        0x8 src/stm32f4xx_it.o
                0x20000de8                Systick
                0x20000dec                Tick
 .bss           0x20000df0        0x8 src/syscalls.o
                0x20000df0                __env
 .bss           0x20000df8       0x28 src/tm_stm32f4_delay.o
                0x20000df8                TM_TimingDelay
                0x20000dfc                TM_Time
                0x20000e00                TM_Time2
                0x20000e04                TM_DELAY_Initialized
 .bss           0x20000e20       0x16 src/tm_stm32f4_gpio.o
 *(.bss*)
 *fill*         0x20000e36        0x2 
 .bss.__malloc_current_mallinfo
                0x20000e38       0x28 c:/ac6/systemworkbench/plugins/fr.ac6.mcu.externaltools.arm-none.win32_1.17.0.201812190825/tools/compiler/bin/../lib/gcc/arm-none-eabi/7.3.1/../../../../arm-none-eabi/lib/thumb/v7e-m/fpv4-sp/hard\libc.a(lib_a-mallocr.o)
                0x20000e38                __malloc_current_mallinfo
 .bss.__malloc_max_sbrked_mem
                0x20000e60        0x4 c:/ac6/systemworkbench/plugins/fr.ac6.mcu.externaltools.arm-none.win32_1.17.0.201812190825/tools/compiler/bin/../lib/gcc/arm-none-eabi/7.3.1/../../../../arm-none-eabi/lib/thumb/v7e-m/fpv4-sp/hard\libc.a(lib_a-mallocr.o)
                0x20000e60                __malloc_max_sbrked_mem
 .bss.__malloc_max_total_mem
                0x20000e64        0x4 c:/ac6/systemworkbench/plugins/fr.ac6.mcu.externaltools.arm-none.win32_1.17.0.201812190825/tools/compiler/bin/../lib/gcc/arm-none-eabi/7.3.1/../../../../arm-none-eabi/lib/thumb/v7e-m/fpv4-sp/hard\libc.a(lib_a-mallocr.o)
                0x20000e64                __malloc_max_total_mem
 .bss.__malloc_top_pad
                0x20000e68        0x4 c:/ac6/systemworkbench/plugins/fr.ac6.mcu.externaltools.arm-none.win32_1.17.0.201812190825/tools/compiler/bin/../lib/gcc/arm-none-eabi/7.3.1/../../../../arm-none-eabi/lib/thumb/v7e-m/fpv4-sp/hard\libc.a(lib_a-mallocr.o)
                0x20000e68                __malloc_top_pad
 *(COMMON)
 COMMON         0x20000e6c        0xf src/MENU.o
                0x20000e6c                opciones
                0x20000e70                ALERTA
                0x20000e74                CardID
 COMMON         0x20000e7b        0x2 src/main_v1.o
                0x20000e7b                Tecla
                0x20000e7c                Data_read
 *fill*         0x20000e7d        0x3 
 COMMON         0x20000e80       0x21 c:/ac6/systemworkbench/plugins/fr.ac6.mcu.externaltools.arm-none.win32_1.17.0.201812190825/tools/compiler/bin/../lib/gcc/arm-none-eabi/7.3.1/../../../../arm-none-eabi/lib/thumb/v7e-m/fpv4-sp/hard\libc.a(lib_a-lock.o)
                0x20000e80                __lock___atexit_recursive_mutex
                0x20000e84                __lock___arc4random_mutex
                0x20000e88                __lock___env_recursive_mutex
                0x20000e8c                __lock___sinit_recursive_mutex
                0x20000e90                __lock___malloc_recursive_mutex
                0x20000e94                __lock___at_quick_exit_mutex
                0x20000e98                __lock___dd_hash_mutex
                0x20000e9c                __lock___tz_mutex
                0x20000ea0                __lock___sfp_recursive_mutex
 *fill*         0x20000ea1        0x3 
 COMMON         0x20000ea4        0x4 c:/ac6/systemworkbench/plugins/fr.ac6.mcu.externaltools.arm-none.win32_1.17.0.201812190825/tools/compiler/bin/../lib/gcc/arm-none-eabi/7.3.1/../../../../arm-none-eabi/lib/thumb/v7e-m/fpv4-sp/hard\libc.a(lib_a-reent.o)
                0x20000ea4                errno
                0x20000ea8                . = ALIGN (0x4)
                0x20000ea8                _ebss = .
                0x20000ea8                __bss_end__ = _ebss

._user_heap_stack
                0x20000ea8      0x400 load address 0x0800ff2c
                0x20000ea8                . = ALIGN (0x8)
                0x20000ea8                PROVIDE (end = .)
                [!provide]                PROVIDE (_end = .)
                0x20000ea8                . = (. + _Min_Heap_Size)
                0x200012a8                . = (. + _Min_Stack_Size)
 *fill*         0x20000ea8      0x400 
                0x200012a8                . = ALIGN (0x8)

/DISCARD/
 libc.a(*)
 libm.a(*)
 libgcc.a(*)

.ARM.attributes
                0x00000000       0x30
 *(.ARM.attributes)
 .ARM.attributes
                0x00000000       0x22 c:/ac6/systemworkbench/plugins/fr.ac6.mcu.externaltools.arm-none.win32_1.17.0.201812190825/tools/compiler/bin/../lib/gcc/arm-none-eabi/7.3.1/thumb/v7e-m/fpv4-sp/hard/crti.o
 .ARM.attributes
                0x00000022       0x34 c:/ac6/systemworkbench/plugins/fr.ac6.mcu.externaltools.arm-none.win32_1.17.0.201812190825/tools/compiler/bin/../lib/gcc/arm-none-eabi/7.3.1/thumb/v7e-m/fpv4-sp/hard/crtbegin.o
 .ARM.attributes
                0x00000056       0x39 StdPeriph_Driver/src/misc.o
 .ARM.attributes
                0x0000008f       0x39 StdPeriph_Driver/src/stm32f4xx_gpio.o
 .ARM.attributes
                0x000000c8       0x39 StdPeriph_Driver/src/stm32f4xx_rcc.o
 .ARM.attributes
                0x00000101       0x39 StdPeriph_Driver/src/stm32f4xx_spi.o
 .ARM.attributes
                0x0000013a       0x39 StdPeriph_Driver/src/stm32f4xx_tim.o
 .ARM.attributes
                0x00000173       0x39 StdPeriph_Driver/src/stm32f4xx_usart.o
 .ARM.attributes
                0x000001ac       0x39 src/CE_SD_card_control.o
 .ARM.attributes
                0x000001e5       0x39 src/GLOBAL.o
 .ARM.attributes
                0x0000021e       0x39 src/MENU.o
 .ARM.attributes
                0x00000257       0x39 src/diskio.o
 .ARM.attributes
                0x00000290       0x39 src/fatfs_sd.o
 .ARM.attributes
                0x000002c9       0x39 src/ff.o
 .ARM.attributes
                0x00000302       0x39 src/main_v1.o
 .ARM.attributes
                0x0000033b       0x39 src/stm32_ub_lcd_2x16.o
 .ARM.attributes
                0x00000374       0x39 src/stm32f4xx_it.o
 .ARM.attributes
                0x000003ad       0x39 src/syscalls.o
 .ARM.attributes
                0x000003e6       0x39 src/system_stm32f4xx.o
 .ARM.attributes
                0x0000041f       0x39 src/teclado.o
 .ARM.attributes
                0x00000458       0x39 src/tm_stm32f4_delay.o
 .ARM.attributes
                0x00000491       0x39 src/tm_stm32f4_gpio.o
 .ARM.attributes
                0x000004ca       0x39 src/tm_stm32f4_mfrc522.o
 .ARM.attributes
                0x00000503       0x39 src/tm_stm32f4_spi.o
 .ARM.attributes
                0x0000053c       0x39 src/tm_stm32f4_timer_properties.o
 .ARM.attributes
                0x00000575       0x21 startup/startup_stm32.o
 .ARM.attributes
                0x00000596       0x22 c:/ac6/systemworkbench/plugins/fr.ac6.mcu.externaltools.arm-none.win32_1.17.0.201812190825/tools/compiler/bin/../lib/gcc/arm-none-eabi/7.3.1/thumb/v7e-m/fpv4-sp/hard\libgcc.a(_arm_addsubdf3.o)
 .ARM.attributes
                0x000005b8       0x22 c:/ac6/systemworkbench/plugins/fr.ac6.mcu.externaltools.arm-none.win32_1.17.0.201812190825/tools/compiler/bin/../lib/gcc/arm-none-eabi/7.3.1/thumb/v7e-m/fpv4-sp/hard\libgcc.a(_arm_muldivdf3.o)
 .ARM.attributes
                0x000005da       0x22 c:/ac6/systemworkbench/plugins/fr.ac6.mcu.externaltools.arm-none.win32_1.17.0.201812190825/tools/compiler/bin/../lib/gcc/arm-none-eabi/7.3.1/thumb/v7e-m/fpv4-sp/hard\libgcc.a(_arm_cmpdf2.o)
 .ARM.attributes
                0x000005fc       0x22 c:/ac6/systemworkbench/plugins/fr.ac6.mcu.externaltools.arm-none.win32_1.17.0.201812190825/tools/compiler/bin/../lib/gcc/arm-none-eabi/7.3.1/thumb/v7e-m/fpv4-sp/hard\libgcc.a(_arm_fixunsdfsi.o)
 .ARM.attributes
                0x0000061e       0x34 c:/ac6/systemworkbench/plugins/fr.ac6.mcu.externaltools.arm-none.win32_1.17.0.201812190825/tools/compiler/bin/../lib/gcc/arm-none-eabi/7.3.1/../../../../arm-none-eabi/lib/thumb/v7e-m/fpv4-sp/hard\libc.a(lib_a-atoi.o)
 .ARM.attributes
                0x00000652       0x34 c:/ac6/systemworkbench/plugins/fr.ac6.mcu.externaltools.arm-none.win32_1.17.0.201812190825/tools/compiler/bin/../lib/gcc/arm-none-eabi/7.3.1/../../../../arm-none-eabi/lib/thumb/v7e-m/fpv4-sp/hard\libc.a(lib_a-errno.o)
 .ARM.attributes
                0x00000686       0x34 c:/ac6/systemworkbench/plugins/fr.ac6.mcu.externaltools.arm-none.win32_1.17.0.201812190825/tools/compiler/bin/../lib/gcc/arm-none-eabi/7.3.1/../../../../arm-none-eabi/lib/thumb/v7e-m/fpv4-sp/hard\libc.a(lib_a-impure.o)
 .ARM.attributes
                0x000006ba       0x34 c:/ac6/systemworkbench/plugins/fr.ac6.mcu.externaltools.arm-none.win32_1.17.0.201812190825/tools/compiler/bin/../lib/gcc/arm-none-eabi/7.3.1/../../../../arm-none-eabi/lib/thumb/v7e-m/fpv4-sp/hard\libc.a(lib_a-init.o)
 .ARM.attributes
                0x000006ee       0x34 c:/ac6/systemworkbench/plugins/fr.ac6.mcu.externaltools.arm-none.win32_1.17.0.201812190825/tools/compiler/bin/../lib/gcc/arm-none-eabi/7.3.1/../../../../arm-none-eabi/lib/thumb/v7e-m/fpv4-sp/hard\libc.a(lib_a-locale.o)
 .ARM.attributes
                0x00000722       0x34 c:/ac6/systemworkbench/plugins/fr.ac6.mcu.externaltools.arm-none.win32_1.17.0.201812190825/tools/compiler/bin/../lib/gcc/arm-none-eabi/7.3.1/../../../../arm-none-eabi/lib/thumb/v7e-m/fpv4-sp/hard\libc.a(lib_a-malloc.o)
 .ARM.attributes
                0x00000756       0x34 c:/ac6/systemworkbench/plugins/fr.ac6.mcu.externaltools.arm-none.win32_1.17.0.201812190825/tools/compiler/bin/../lib/gcc/arm-none-eabi/7.3.1/../../../../arm-none-eabi/lib/thumb/v7e-m/fpv4-sp/hard\libc.a(lib_a-mallocr.o)
 .ARM.attributes
                0x0000078a       0x34 c:/ac6/systemworkbench/plugins/fr.ac6.mcu.externaltools.arm-none.win32_1.17.0.201812190825/tools/compiler/bin/../lib/gcc/arm-none-eabi/7.3.1/../../../../arm-none-eabi/lib/thumb/v7e-m/fpv4-sp/hard\libc.a(lib_a-mbtowc_r.o)
 .ARM.attributes
                0x000007be       0x34 c:/ac6/systemworkbench/plugins/fr.ac6.mcu.externaltools.arm-none.win32_1.17.0.201812190825/tools/compiler/bin/../lib/gcc/arm-none-eabi/7.3.1/../../../../arm-none-eabi/lib/thumb/v7e-m/fpv4-sp/hard\libc.a(lib_a-memset.o)
 .ARM.attributes
                0x000007f2       0x34 c:/ac6/systemworkbench/plugins/fr.ac6.mcu.externaltools.arm-none.win32_1.17.0.201812190825/tools/compiler/bin/../lib/gcc/arm-none-eabi/7.3.1/../../../../arm-none-eabi/lib/thumb/v7e-m/fpv4-sp/hard\libc.a(lib_a-mlock.o)
 .ARM.attributes
                0x00000826       0x34 c:/ac6/systemworkbench/plugins/fr.ac6.mcu.externaltools.arm-none.win32_1.17.0.201812190825/tools/compiler/bin/../lib/gcc/arm-none-eabi/7.3.1/../../../../arm-none-eabi/lib/thumb/v7e-m/fpv4-sp/hard\libc.a(lib_a-sbrkr.o)
 .ARM.attributes
                0x0000085a       0x34 c:/ac6/systemworkbench/plugins/fr.ac6.mcu.externaltools.arm-none.win32_1.17.0.201812190825/tools/compiler/bin/../lib/gcc/arm-none-eabi/7.3.1/../../../../arm-none-eabi/lib/thumb/v7e-m/fpv4-sp/hard\libc.a(lib_a-sprintf.o)
 .ARM.attributes
                0x0000088e       0x34 c:/ac6/systemworkbench/plugins/fr.ac6.mcu.externaltools.arm-none.win32_1.17.0.201812190825/tools/compiler/bin/../lib/gcc/arm-none-eabi/7.3.1/../../../../arm-none-eabi/lib/thumb/v7e-m/fpv4-sp/hard\libc.a(lib_a-sscanf.o)
 .ARM.attributes
                0x000008c2       0x34 c:/ac6/systemworkbench/plugins/fr.ac6.mcu.externaltools.arm-none.win32_1.17.0.201812190825/tools/compiler/bin/../lib/gcc/arm-none-eabi/7.3.1/../../../../arm-none-eabi/lib/thumb/v7e-m/fpv4-sp/hard\libc.a(lib_a-stdio.o)
 .ARM.attributes
                0x000008f6       0x20 c:/ac6/systemworkbench/plugins/fr.ac6.mcu.externaltools.arm-none.win32_1.17.0.201812190825/tools/compiler/bin/../lib/gcc/arm-none-eabi/7.3.1/../../../../arm-none-eabi/lib/thumb/v7e-m/fpv4-sp/hard\libc.a(lib_a-strlen.o)
 .ARM.attributes
                0x00000916       0x34 c:/ac6/systemworkbench/plugins/fr.ac6.mcu.externaltools.arm-none.win32_1.17.0.201812190825/tools/compiler/bin/../lib/gcc/arm-none-eabi/7.3.1/../../../../arm-none-eabi/lib/thumb/v7e-m/fpv4-sp/hard\libc.a(lib_a-strtol.o)
 .ARM.attributes
                0x0000094a       0x34 c:/ac6/systemworkbench/plugins/fr.ac6.mcu.externaltools.arm-none.win32_1.17.0.201812190825/tools/compiler/bin/../lib/gcc/arm-none-eabi/7.3.1/../../../../arm-none-eabi/lib/thumb/v7e-m/fpv4-sp/hard\libc.a(lib_a-svfprintf.o)
 .ARM.attributes
                0x0000097e       0x34 c:/ac6/systemworkbench/plugins/fr.ac6.mcu.externaltools.arm-none.win32_1.17.0.201812190825/tools/compiler/bin/../lib/gcc/arm-none-eabi/7.3.1/../../../../arm-none-eabi/lib/thumb/v7e-m/fpv4-sp/hard\libc.a(lib_a-svfscanf.o)
 .ARM.attributes
                0x000009b2       0x34 c:/ac6/systemworkbench/plugins/fr.ac6.mcu.externaltools.arm-none.win32_1.17.0.201812190825/tools/compiler/bin/../lib/gcc/arm-none-eabi/7.3.1/../../../../arm-none-eabi/lib/thumb/v7e-m/fpv4-sp/hard\libc.a(lib_a-wctomb_r.o)
 .ARM.attributes
                0x000009e6       0x34 c:/ac6/systemworkbench/plugins/fr.ac6.mcu.externaltools.arm-none.win32_1.17.0.201812190825/tools/compiler/bin/../lib/gcc/arm-none-eabi/7.3.1/../../../../arm-none-eabi/lib/thumb/v7e-m/fpv4-sp/hard\libc.a(lib_a-__call_atexit.o)
 .ARM.attributes
                0x00000a1a       0x34 c:/ac6/systemworkbench/plugins/fr.ac6.mcu.externaltools.arm-none.win32_1.17.0.201812190825/tools/compiler/bin/../lib/gcc/arm-none-eabi/7.3.1/../../../../arm-none-eabi/lib/thumb/v7e-m/fpv4-sp/hard\libc.a(lib_a-atexit.o)
 .ARM.attributes
                0x00000a4e       0x34 c:/ac6/systemworkbench/plugins/fr.ac6.mcu.externaltools.arm-none.win32_1.17.0.201812190825/tools/compiler/bin/../lib/gcc/arm-none-eabi/7.3.1/../../../../arm-none-eabi/lib/thumb/v7e-m/fpv4-sp/hard\libc.a(lib_a-ctype_.o)
 .ARM.attributes
                0x00000a82       0x34 c:/ac6/systemworkbench/plugins/fr.ac6.mcu.externaltools.arm-none.win32_1.17.0.201812190825/tools/compiler/bin/../lib/gcc/arm-none-eabi/7.3.1/../../../../arm-none-eabi/lib/thumb/v7e-m/fpv4-sp/hard\libc.a(lib_a-dtoa.o)
 .ARM.attributes